
===== 2026-09-22 11:39:23 started by launcher =====

> dianurfx-workstation@1.0.0 dev
> vite


  [32m[1mVITE[22m v6.4.3[39m  [2mready in [0m[1m437[22m[2m[0m ms[22m

  [32m➜[39m  [1mLocal[22m:   [36mhttp://127.0.0.1:[1m5180[22m/[39m

===== 2026-09-22 11:45:00 started by launcher =====

> dianurfx-workstation@1.0.0 dev
> vite


  [32m[1mVITE[22m v6.4.3[39m  [2mready in [0m[1m415[22m[2m[0m ms[22m

  [32m➜[39m  [1mLocal[22m:   [36mhttp://127.0.0.1:[1m5180[22m/[39m

===== 2026-09-22 11:45:22 started by launcher =====

> dianurfx-workstation@1.0.0 dev
> vite


  [32m[1mVITE[22m v6.4.3[39m  [2mready in [0m[1m408[22m[2m[0m ms[22m

  [32m➜[39m  [1mLocal[22m:   [36mhttp://127.0.0.1:[1m5180[22m/[39m

===== 2026-09-22 11:48:19 started by launcher =====

> dianurfx-workstation@1.0.0 dev
> vite


  [32m[1mVITE[22m v6.4.3[39m  [2mready in [0m[1m1076[22m[2m[0m ms[22m

  [32m➜[39m  [1mLocal[22m:   [36mhttp://127.0.0.1:[1m5180[22m/[39m

===== 2026-09-22 11:50:08 started by launcher =====

> dianurfx-workstation@1.0.0 dev
> vite


  [32m[1mVITE[22m v6.4.3[39m  [2mready in [0m[1m497[22m[2m[0m ms[22m

  [32m➜[39m  [1mLocal[22m:   [36mhttp://127.0.0.1:[1m5180[22m/[39m

===== 2026-09-22 11:54:36 started by launcher =====

> dianurfx-workstation@1.0.0 dev
> vite


  [32m[1mVITE[22m v6.4.3[39m  [2mready in [0m[1m467[22m[2m[0m ms[22m

  [32m➜[39m  [1mLocal[22m:   [36mhttp://127.0.0.1:[1m5180[22m/[39m

===== 2026-09-22 11:57:19 started by launcher =====

> dianurfx-workstation@1.0.0 dev
> vite


  [32m[1mVITE[22m v6.4.3[39m  [2mready in [0m[1m706[22m[2m[0m ms[22m

  [32m➜[39m  [1mLocal[22m:   [36mhttp://127.0.0.1:[1m5180[22m/[39m

===== 2026-09-22 12:07:51 started by launcher =====

> dianurfx-workstation@1.0.0 dev
> vite


  [32m[1mVITE[22m v6.4.3[39m  [2mready in [0m[1m1058[22m[2m[0m ms[22m

  [32m➜[39m  [1mLocal[22m:   [36mhttp://127.0.0.1:[1m5180[22m/[39m

===== 2026-09-22 12:18:12 started by launcher =====

> dianurfx-workstation@1.0.0 dev
> vite


  [32m[1mVITE[22m v6.4.3[39m  [2mready in [0m[1m1256[22m[2m[0m ms[22m

  [32m➜[39m  [1mLocal[22m:   [36mhttp://127.0.0.1:[1m5180[22m/[39m

===== 2026-09-22 12:24:45 started by launcher =====

> dianurfx-workstation@1.0.0 dev
> vite


  [32m[1mVITE[22m v6.4.3[39m  [2mready in [0m[1m2246[22m[2m[0m ms[22m

  [32m➜[39m  [1mLocal[22m:   [36mhttp://127.0.0.1:[1m5180[22m/[39m

===== 2026-09-22 12:36:10 started by launcher =====

> dianurfx-workstation@1.0.0 dev
> vite


  [32m[1mVITE[22m v6.4.3[39m  [2mready in [0m[1m502[22m[2m[0m ms[22m

  [32m➜[39m  [1mLocal[22m:   [36mhttp://127.0.0.1:[1m5180[22m/[39m
