2026-09-24T07:25:17+10:00  clock     server offset +10800000 ms (UTC+3.00h) confidence=measured from 5 tick(s)
2026-09-24T07:25:17+10:00  start     bridge on 127.0.0.1:8765 mock=False connected=True server=Pepperstone-MT5-Live01
2026-09-24T07:25:22+10:00  error     /account RuntimeError: no account
2026-09-24T07:25:22+10:00  error     /account RuntimeError: no account
2026-09-24T07:25:47+10:00  clock     server offset +10800000 ms (UTC+3.00h) confidence=measured from 5 tick(s)
2026-09-24T07:25:47+10:00  start     bridge on 127.0.0.1:8765 mock=False connected=True server=ICMarketsAU-Demo
2026-09-24T07:25:47+10:00  start     EXECUTION ARMED demo_only=True max_lots=0.05
2026-09-24T07:26:01+10:00  order     SEND market sell XAUUSD.a 0.01 lots @4287.22 sl=4382.7 tp=4089.44 signal=XAUUSD.a:4h:mtf_pullback:sell:1790168400000 account=23011660
2026-09-24T07:26:01+10:00  order     RESULT ok=False retcode=10018 ticket=0 price=0.0 comment='Market closed'
2026-09-24T07:26:32+10:00  order     SEND market sell XAUUSD.a 0.01 lots @4287.22 sl=4382.7 tp=4089.44 signal=XAUUSD.a:4h:mtf_pullback:sell:1790168400000 account=23011660
2026-09-24T07:26:32+10:00  order     RESULT ok=False retcode=10018 ticket=0 price=0.0 comment='Market closed'
2026-09-24T07:27:03+10:00  order     SEND market sell XAUUSD.a 0.01 lots @4287.22 sl=4382.7 tp=4089.44 signal=XAUUSD.a:4h:mtf_pullback:sell:1790168400000 account=23011660
2026-09-24T07:27:03+10:00  order     RESULT ok=False retcode=10018 ticket=0 price=0.0 comment='Market closed'
2026-09-24T07:27:35+10:00  order     SEND market sell XAUUSD.a 0.01 lots @4287.22 sl=4382.7 tp=4089.44 signal=XAUUSD.a:4h:mtf_pullback:sell:1790168400000 account=23011660
2026-09-24T07:27:35+10:00  order     RESULT ok=False retcode=10018 ticket=0 price=0.0 comment='Market closed'
2026-09-24T07:28:08+10:00  order     SEND market sell XAUUSD.a 0.01 lots @4287.22 sl=4382.7 tp=4089.44 signal=XAUUSD.a:4h:mtf_pullback:sell:1790168400000 account=23011660
2026-09-24T07:28:08+10:00  order     RESULT ok=False retcode=10018 ticket=0 price=0.0 comment='Market closed'
2026-09-24T07:28:40+10:00  order     SEND market sell XAUUSD.a 0.01 lots @4287.22 sl=4382.7 tp=4089.44 signal=XAUUSD.a:4h:mtf_pullback:sell:1790168400000 account=23011660
2026-09-24T07:28:40+10:00  order     RESULT ok=False retcode=10018 ticket=0 price=0.0 comment='Market closed'
2026-09-24T07:29:11+10:00  order     SEND market sell XAUUSD.a 0.01 lots @4287.22 sl=4382.7 tp=4089.44 signal=XAUUSD.a:4h:mtf_pullback:sell:1790168400000 account=23011660
2026-09-24T07:29:11+10:00  order     RESULT ok=False retcode=10018 ticket=0 price=0.0 comment='Market closed'
2026-09-24T07:29:34+10:00  error     /health ConnectionAbortedError: [WinError 10053] An established connection was aborted by the software in your host machine
2026-09-24T07:29:43+10:00  order     SEND market sell XAUUSD.a 0.01 lots @4287.22 sl=4382.7 tp=4089.44 signal=XAUUSD.a:4h:mtf_pullback:sell:1790168400000 account=23011660
2026-09-24T07:29:43+10:00  order     RESULT ok=False retcode=10018 ticket=0 price=0.0 comment='Market closed'
2026-09-24T07:29:56+10:00  error     /health ConnectionAbortedError: [WinError 10053] An established connection was aborted by the software in your host machine
2026-09-24T07:30:14+10:00  order     SEND market sell XAUUSD.a 0.01 lots @4287.22 sl=4382.7 tp=4089.44 signal=XAUUSD.a:4h:mtf_pullback:sell:1790168400000 account=23011660
2026-09-24T07:30:14+10:00  order     RESULT ok=False retcode=10018 ticket=0 price=0.0 comment='Market closed'
2026-09-24T07:30:46+10:00  order     SEND market sell XAUUSD.a 0.01 lots @4287.22 sl=4382.7 tp=4089.44 signal=XAUUSD.a:4h:mtf_pullback:sell:1790168400000 account=23011660
2026-09-24T07:30:47+10:00  order     RESULT ok=False retcode=10018 ticket=0 price=0.0 comment='Market closed'
2026-09-24T07:31:13+10:00  error     /bars ConnectionAbortedError: [WinError 10053] An established connection was aborted by the software in your host machine
2026-09-24T07:31:13+10:00  error     /account ConnectionAbortedError: [WinError 10053] An established connection was aborted by the software in your host machine
2026-09-24T07:31:16+10:00  order     SEND market sell XAUUSD.a 0.01 lots @4287.22 sl=4382.7 tp=4089.44 signal=XAUUSD.a:4h:mtf_pullback:sell:1790168400000 account=23011660
2026-09-24T07:31:17+10:00  order     RESULT ok=False retcode=10018 ticket=0 price=0.0 comment='Market closed'
2026-09-24T07:31:49+10:00  order     SEND market sell XAUUSD.a 0.01 lots @4287.22 sl=4382.7 tp=4089.44 signal=XAUUSD.a:4h:mtf_pullback:sell:1790168400000 account=23011660
2026-09-24T07:31:49+10:00  order     RESULT ok=False retcode=10018 ticket=0 price=0.0 comment='Market closed'
2026-09-24T07:32:20+10:00  order     SEND market sell XAUUSD.a 0.01 lots @4287.22 sl=4382.7 tp=4089.44 signal=XAUUSD.a:4h:mtf_pullback:sell:1790168400000 account=23011660
2026-09-24T07:32:21+10:00  order     RESULT ok=False retcode=10018 ticket=0 price=0.0 comment='Market closed'
2026-09-24T07:32:51+10:00  order     SEND market sell XAUUSD.a 0.01 lots @4287.22 sl=4382.7 tp=4089.44 signal=XAUUSD.a:4h:mtf_pullback:sell:1790168400000 account=23011660
2026-09-24T07:32:51+10:00  order     RESULT ok=False retcode=10018 ticket=0 price=0.0 comment='Market closed'
2026-09-24T07:33:22+10:00  order     SEND market sell XAUUSD.a 0.01 lots @4287.22 sl=4382.7 tp=4089.44 signal=XAUUSD.a:4h:mtf_pullback:sell:1790168400000 account=23011660
2026-09-24T07:33:22+10:00  order     RESULT ok=False retcode=10018 ticket=0 price=0.0 comment='Market closed'
2026-09-24T07:33:54+10:00  order     SEND market sell XAUUSD.a 0.01 lots @4287.22 sl=4382.7 tp=4089.44 signal=XAUUSD.a:4h:mtf_pullback:sell:1790168400000 account=23011660
2026-09-24T07:33:54+10:00  order     RESULT ok=False retcode=10018 ticket=0 price=0.0 comment='Market closed'
2026-09-24T07:34:25+10:00  order     SEND market sell XAUUSD.a 0.01 lots @4287.22 sl=4382.7 tp=4089.44 signal=XAUUSD.a:4h:mtf_pullback:sell:1790168400000 account=23011660
2026-09-24T07:34:26+10:00  order     RESULT ok=False retcode=10018 ticket=0 price=0.0 comment='Market closed'
2026-09-24T07:34:57+10:00  order     SEND market sell XAUUSD.a 0.01 lots @4287.22 sl=4382.7 tp=4089.44 signal=XAUUSD.a:4h:mtf_pullback:sell:1790168400000 account=23011660
2026-09-24T07:34:58+10:00  order     RESULT ok=False retcode=10018 ticket=0 price=0.0 comment='Market closed'
2026-09-24T07:35:29+10:00  order     SEND market sell XAUUSD.a 0.01 lots @4287.22 sl=4382.7 tp=4089.44 signal=XAUUSD.a:4h:mtf_pullback:sell:1790168400000 account=23011660
2026-09-24T07:35:29+10:00  order     RESULT ok=False retcode=10018 ticket=0 price=0.0 comment='Market closed'
2026-09-24T07:36:00+10:00  order     SEND market sell XAUUSD.a 0.01 lots @4287.22 sl=4382.7 tp=4089.44 signal=XAUUSD.a:4h:mtf_pullback:sell:1790168400000 account=23011660
2026-09-24T07:36:01+10:00  order     RESULT ok=False retcode=10018 ticket=0 price=0.0 comment='Market closed'
2026-09-24T07:36:31+10:00  order     SEND market sell XAUUSD.a 0.01 lots @4287.22 sl=4382.7 tp=4089.44 signal=XAUUSD.a:4h:mtf_pullback:sell:1790168400000 account=23011660
2026-09-24T07:36:31+10:00  order     RESULT ok=False retcode=10018 ticket=0 price=0.0 comment='Market closed'
2026-09-24T07:37:04+10:00  order     SEND market sell XAUUSD.a 0.01 lots @4287.22 sl=4382.7 tp=4089.44 signal=XAUUSD.a:4h:mtf_pullback:sell:1790168400000 account=23011660
2026-09-24T07:37:04+10:00  order     RESULT ok=False retcode=10018 ticket=0 price=0.0 comment='Market closed'
2026-09-24T07:37:36+10:00  order     SEND market sell XAUUSD.a 0.01 lots @4287.22 sl=4382.7 tp=4089.44 signal=XAUUSD.a:4h:mtf_pullback:sell:1790168400000 account=23011660
2026-09-24T07:37:36+10:00  order     RESULT ok=False retcode=10018 ticket=0 price=0.0 comment='Market closed'
2026-09-24T07:38:09+10:00  order     SEND market sell XAUUSD.a 0.01 lots @4287.22 sl=4382.7 tp=4089.44 signal=XAUUSD.a:4h:mtf_pullback:sell:1790168400000 account=23011660
2026-09-24T07:38:09+10:00  order     RESULT ok=False retcode=10018 ticket=0 price=0.0 comment='Market closed'
2026-09-24T07:38:39+10:00  order     SEND market sell XAUUSD.a 0.01 lots @4287.22 sl=4382.7 tp=4089.44 signal=XAUUSD.a:4h:mtf_pullback:sell:1790168400000 account=23011660
2026-09-24T07:38:39+10:00  order     RESULT ok=False retcode=10018 ticket=0 price=0.0 comment='Market closed'
2026-09-24T07:39:12+10:00  order     SEND market sell XAUUSD.a 0.01 lots @4287.22 sl=4382.7 tp=4089.44 signal=XAUUSD.a:4h:mtf_pullback:sell:1790168400000 account=23011660
2026-09-24T07:39:12+10:00  order     RESULT ok=False retcode=10018 ticket=0 price=0.0 comment='Market closed'
2026-09-24T07:39:44+10:00  order     SEND market sell XAUUSD.a 0.01 lots @4287.22 sl=4382.7 tp=4089.44 signal=XAUUSD.a:4h:mtf_pullback:sell:1790168400000 account=23011660
2026-09-24T07:39:44+10:00  order     RESULT ok=False retcode=10018 ticket=0 price=0.0 comment='Market closed'
2026-09-24T07:40:15+10:00  order     SEND market sell XAUUSD.a 0.01 lots @4287.22 sl=4382.7 tp=4089.44 signal=XAUUSD.a:4h:mtf_pullback:sell:1790168400000 account=23011660
2026-09-24T07:40:15+10:00  order     RESULT ok=False retcode=10018 ticket=0 price=0.0 comment='Market closed'
2026-09-24T07:40:46+10:00  order     SEND market sell XAUUSD.a 0.01 lots @4287.22 sl=4382.7 tp=4089.44 signal=XAUUSD.a:4h:mtf_pullback:sell:1790168400000 account=23011660
2026-09-24T07:40:46+10:00  order     RESULT ok=False retcode=10018 ticket=0 price=0.0 comment='Market closed'
2026-09-24T07:41:18+10:00  order     SEND market sell XAUUSD.a 0.01 lots @4287.22 sl=4382.7 tp=4089.44 signal=XAUUSD.a:4h:mtf_pullback:sell:1790168400000 account=23011660
2026-09-24T07:41:19+10:00  order     RESULT ok=False retcode=10018 ticket=0 price=0.0 comment='Market closed'
2026-09-24T07:41:50+10:00  order     SEND market sell XAUUSD.a 0.01 lots @4287.22 sl=4382.7 tp=4089.44 signal=XAUUSD.a:4h:mtf_pullback:sell:1790168400000 account=23011660
2026-09-24T07:41:50+10:00  order     RESULT ok=False retcode=10018 ticket=0 price=0.0 comment='Market closed'
2026-09-24T07:42:21+10:00  order     SEND market sell XAUUSD.a 0.01 lots @4287.22 sl=4382.7 tp=4089.44 signal=XAUUSD.a:4h:mtf_pullback:sell:1790168400000 account=23011660
2026-09-24T07:42:21+10:00  order     RESULT ok=False retcode=10018 ticket=0 price=0.0 comment='Market closed'
2026-09-24T07:42:53+10:00  order     SEND market sell XAUUSD.a 0.01 lots @4287.22 sl=4382.7 tp=4089.44 signal=XAUUSD.a:4h:mtf_pullback:sell:1790168400000 account=23011660
2026-09-24T07:42:53+10:00  order     RESULT ok=False retcode=10018 ticket=0 price=0.0 comment='Market closed'
2026-09-24T07:43:23+10:00  order     SEND market sell XAUUSD.a 0.01 lots @4287.22 sl=4382.7 tp=4089.44 signal=XAUUSD.a:4h:mtf_pullback:sell:1790168400000 account=23011660
2026-09-24T07:43:24+10:00  order     RESULT ok=False retcode=10018 ticket=0 price=0.0 comment='Market closed'
2026-09-24T07:43:54+10:00  order     SEND market sell XAUUSD.a 0.01 lots @4287.22 sl=4382.7 tp=4089.44 signal=XAUUSD.a:4h:mtf_pullback:sell:1790168400000 account=23011660
2026-09-24T07:43:54+10:00  order     RESULT ok=False retcode=10018 ticket=0 price=0.0 comment='Market closed'
2026-09-24T07:44:26+10:00  order     SEND market sell XAUUSD.a 0.01 lots @4287.22 sl=4382.7 tp=4089.44 signal=XAUUSD.a:4h:mtf_pullback:sell:1790168400000 account=23011660
2026-09-24T07:44:26+10:00  order     RESULT ok=False retcode=10018 ticket=0 price=0.0 comment='Market closed'
2026-09-24T07:44:57+10:00  order     SEND market sell XAUUSD.a 0.01 lots @4287.22 sl=4382.7 tp=4089.44 signal=XAUUSD.a:4h:mtf_pullback:sell:1790168400000 account=23011660
2026-09-24T07:44:58+10:00  order     RESULT ok=False retcode=10018 ticket=0 price=0.0 comment='Market closed'
2026-09-24T07:45:29+10:00  order     SEND market sell XAUUSD.a 0.01 lots @4287.22 sl=4382.7 tp=4089.44 signal=XAUUSD.a:4h:mtf_pullback:sell:1790168400000 account=23011660
2026-09-24T07:45:29+10:00  order     RESULT ok=False retcode=10018 ticket=0 price=0.0 comment='Market closed'
2026-09-24T07:46:00+10:00  order     SEND market sell XAUUSD.a 0.01 lots @4287.22 sl=4382.7 tp=4089.44 signal=XAUUSD.a:4h:mtf_pullback:sell:1790168400000 account=23011660
2026-09-24T07:46:00+10:00  order     RESULT ok=False retcode=10018 ticket=0 price=0.0 comment='Market closed'
2026-09-24T07:46:32+10:00  order     SEND market sell XAUUSD.a 0.01 lots @4287.22 sl=4382.7 tp=4089.44 signal=XAUUSD.a:4h:mtf_pullback:sell:1790168400000 account=23011660
2026-09-24T07:46:32+10:00  order     RESULT ok=False retcode=10018 ticket=0 price=0.0 comment='Market closed'
2026-09-24T07:47:04+10:00  order     SEND market sell XAUUSD.a 0.01 lots @4287.22 sl=4382.7 tp=4089.44 signal=XAUUSD.a:4h:mtf_pullback:sell:1790168400000 account=23011660
2026-09-24T07:47:04+10:00  order     RESULT ok=False retcode=10018 ticket=0 price=0.0 comment='Market closed'
2026-09-24T07:47:35+10:00  order     SEND market sell XAUUSD.a 0.01 lots @4287.22 sl=4382.7 tp=4089.44 signal=XAUUSD.a:4h:mtf_pullback:sell:1790168400000 account=23011660
2026-09-24T07:47:36+10:00  order     RESULT ok=False retcode=10018 ticket=0 price=0.0 comment='Market closed'
2026-09-24T07:48:07+10:00  order     SEND market sell XAUUSD.a 0.01 lots @4287.22 sl=4382.7 tp=4089.44 signal=XAUUSD.a:4h:mtf_pullback:sell:1790168400000 account=23011660
2026-09-24T07:48:07+10:00  order     RESULT ok=False retcode=10018 ticket=0 price=0.0 comment='Market closed'
2026-09-24T07:48:38+10:00  order     SEND market sell XAUUSD.a 0.01 lots @4287.22 sl=4382.7 tp=4089.44 signal=XAUUSD.a:4h:mtf_pullback:sell:1790168400000 account=23011660
2026-09-24T07:48:39+10:00  order     RESULT ok=False retcode=10018 ticket=0 price=0.0 comment='Market closed'
2026-09-24T07:49:09+10:00  order     SEND market sell XAUUSD.a 0.01 lots @4287.22 sl=4382.7 tp=4089.44 signal=XAUUSD.a:4h:mtf_pullback:sell:1790168400000 account=23011660
2026-09-24T07:49:09+10:00  order     RESULT ok=False retcode=10018 ticket=0 price=0.0 comment='Market closed'
2026-09-24T07:49:41+10:00  order     SEND market sell XAUUSD.a 0.01 lots @4287.22 sl=4382.7 tp=4089.44 signal=XAUUSD.a:4h:mtf_pullback:sell:1790168400000 account=23011660
2026-09-24T07:49:41+10:00  order     RESULT ok=False retcode=10018 ticket=0 price=0.0 comment='Market closed'
2026-09-24T07:50:11+10:00  order     SEND market sell XAUUSD.a 0.01 lots @4287.22 sl=4382.7 tp=4089.44 signal=XAUUSD.a:4h:mtf_pullback:sell:1790168400000 account=23011660
2026-09-24T07:50:11+10:00  order     RESULT ok=False retcode=10018 ticket=0 price=0.0 comment='Market closed'
2026-09-24T07:50:44+10:00  order     SEND market sell XAUUSD.a 0.01 lots @4287.22 sl=4382.7 tp=4089.44 signal=XAUUSD.a:4h:mtf_pullback:sell:1790168400000 account=23011660
2026-09-24T07:50:44+10:00  order     RESULT ok=False retcode=10018 ticket=0 price=0.0 comment='Market closed'
2026-09-24T07:51:15+10:00  order     SEND market sell XAUUSD.a 0.01 lots @4287.22 sl=4382.7 tp=4089.44 signal=XAUUSD.a:4h:mtf_pullback:sell:1790168400000 account=23011660
2026-09-24T07:51:15+10:00  order     RESULT ok=False retcode=10018 ticket=0 price=0.0 comment='Market closed'
2026-09-24T07:51:45+10:00  order     SEND market sell XAUUSD.a 0.01 lots @4287.22 sl=4382.7 tp=4089.44 signal=XAUUSD.a:4h:mtf_pullback:sell:1790168400000 account=23011660
2026-09-24T07:51:45+10:00  order     RESULT ok=False retcode=10018 ticket=0 price=0.0 comment='Market closed'
2026-09-24T07:52:15+10:00  order     SEND market sell XAUUSD.a 0.01 lots @4287.22 sl=4382.7 tp=4089.44 signal=XAUUSD.a:4h:mtf_pullback:sell:1790168400000 account=23011660
2026-09-24T07:52:15+10:00  order     RESULT ok=False retcode=10018 ticket=0 price=0.0 comment='Market closed'
2026-09-24T07:52:45+10:00  order     SEND market sell XAUUSD.a 0.01 lots @4287.22 sl=4382.7 tp=4089.44 signal=XAUUSD.a:4h:mtf_pullback:sell:1790168400000 account=23011660
2026-09-24T07:52:46+10:00  order     RESULT ok=False retcode=10018 ticket=0 price=0.0 comment='Market closed'
2026-09-24T07:53:18+10:00  order     SEND market sell XAUUSD.a 0.01 lots @4287.22 sl=4382.7 tp=4089.44 signal=XAUUSD.a:4h:mtf_pullback:sell:1790168400000 account=23011660
2026-09-24T07:53:18+10:00  order     RESULT ok=False retcode=10018 ticket=0 price=0.0 comment='Market closed'
2026-09-24T07:53:48+10:00  order     SEND market sell XAUUSD.a 0.01 lots @4287.22 sl=4382.7 tp=4089.44 signal=XAUUSD.a:4h:mtf_pullback:sell:1790168400000 account=23011660
2026-09-24T07:53:49+10:00  order     RESULT ok=False retcode=10018 ticket=0 price=0.0 comment='Market closed'
2026-09-24T07:54:20+10:00  order     SEND market sell XAUUSD.a 0.01 lots @4287.22 sl=4382.7 tp=4089.44 signal=XAUUSD.a:4h:mtf_pullback:sell:1790168400000 account=23011660
2026-09-24T07:54:20+10:00  order     RESULT ok=False retcode=10018 ticket=0 price=0.0 comment='Market closed'
2026-09-24T07:54:51+10:00  order     SEND market sell XAUUSD.a 0.01 lots @4287.22 sl=4382.7 tp=4089.44 signal=XAUUSD.a:4h:mtf_pullback:sell:1790168400000 account=23011660
2026-09-24T07:54:51+10:00  order     RESULT ok=False retcode=10018 ticket=0 price=0.0 comment='Market closed'
2026-09-24T07:55:22+10:00  order     SEND market sell XAUUSD.a 0.01 lots @4287.22 sl=4382.7 tp=4089.44 signal=XAUUSD.a:4h:mtf_pullback:sell:1790168400000 account=23011660
2026-09-24T07:55:22+10:00  order     RESULT ok=False retcode=10018 ticket=0 price=0.0 comment='Market closed'
2026-09-24T07:55:53+10:00  order     SEND market sell XAUUSD.a 0.01 lots @4287.22 sl=4382.7 tp=4089.44 signal=XAUUSD.a:4h:mtf_pullback:sell:1790168400000 account=23011660
2026-09-24T07:55:53+10:00  order     RESULT ok=False retcode=10018 ticket=0 price=0.0 comment='Market closed'
2026-09-24T07:56:24+10:00  order     SEND market sell XAUUSD.a 0.01 lots @4287.22 sl=4382.7 tp=4089.44 signal=XAUUSD.a:4h:mtf_pullback:sell:1790168400000 account=23011660
2026-09-24T07:56:25+10:00  order     RESULT ok=False retcode=10018 ticket=0 price=0.0 comment='Market closed'
2026-09-24T07:56:56+10:00  order     SEND market sell XAUUSD.a 0.01 lots @4287.22 sl=4382.7 tp=4089.44 signal=XAUUSD.a:4h:mtf_pullback:sell:1790168400000 account=23011660
2026-09-24T07:56:56+10:00  order     RESULT ok=False retcode=10018 ticket=0 price=0.0 comment='Market closed'
2026-09-24T07:57:27+10:00  order     SEND market sell XAUUSD.a 0.01 lots @4287.22 sl=4382.7 tp=4089.44 signal=XAUUSD.a:4h:mtf_pullback:sell:1790168400000 account=23011660
2026-09-24T07:57:27+10:00  order     RESULT ok=False retcode=10018 ticket=0 price=0.0 comment='Market closed'
2026-09-24T07:57:59+10:00  order     SEND market sell XAUUSD.a 0.01 lots @4287.22 sl=4382.7 tp=4089.44 signal=XAUUSD.a:4h:mtf_pullback:sell:1790168400000 account=23011660
2026-09-24T07:57:59+10:00  order     RESULT ok=False retcode=10018 ticket=0 price=0.0 comment='Market closed'
2026-09-24T07:58:30+10:00  order     SEND market sell XAUUSD.a 0.01 lots @4287.22 sl=4382.7 tp=4089.44 signal=XAUUSD.a:4h:mtf_pullback:sell:1790168400000 account=23011660
2026-09-24T07:58:30+10:00  order     RESULT ok=False retcode=10018 ticket=0 price=0.0 comment='Market closed'
2026-09-24T07:59:00+10:00  order     SEND market sell XAUUSD.a 0.01 lots @4287.22 sl=4382.7 tp=4089.44 signal=XAUUSD.a:4h:mtf_pullback:sell:1790168400000 account=23011660
2026-09-24T07:59:01+10:00  order     RESULT ok=False retcode=10018 ticket=0 price=0.0 comment='Market closed'
2026-09-24T07:59:32+10:00  order     SEND market sell XAUUSD.a 0.01 lots @4287.22 sl=4382.7 tp=4089.44 signal=XAUUSD.a:4h:mtf_pullback:sell:1790168400000 account=23011660
2026-09-24T07:59:33+10:00  order     RESULT ok=False retcode=10018 ticket=0 price=0.0 comment='Market closed'
2026-09-24T08:00:05+10:00  order     SEND market sell XAUUSD.a 0.01 lots @4291.11 sl=4382.7 tp=4089.44 signal=XAUUSD.a:4h:mtf_pullback:sell:1790168400000 account=23011660
2026-09-24T08:00:05+10:00  order     RESULT ok=False retcode=10018 ticket=0 price=0.0 comment='Market closed'
2026-09-24T08:00:35+10:00  order     SEND market sell XAUUSD.a 0.01 lots @4290.0 sl=4382.7 tp=4089.44 signal=XAUUSD.a:4h:mtf_pullback:sell:1790168400000 account=23011660
2026-09-24T08:00:35+10:00  order     RESULT ok=False retcode=10018 ticket=0 price=0.0 comment='Market closed'
2026-09-24T08:00:56+10:00  order     SEND stop sell XAUUSD.a 0.01 lots @4287.22 sl=4302.16 tp=4257.34 signal=XAUUSD.a:1h:breakout_retest:sell:1790193600000 account=23011660
2026-09-24T08:00:56+10:00  order     RESULT ok=False retcode=10018 ticket=0 price=0.0 comment='Market closed'
2026-09-24T08:01:08+10:00  order     SEND market sell XAUUSD.a 0.01 lots @4290.61 sl=4382.7 tp=4089.44 signal=XAUUSD.a:4h:mtf_pullback:sell:1790168400000 account=23011660
2026-09-24T08:01:08+10:00  order     RESULT ok=False retcode=10018 ticket=0 price=0.0 comment='Market closed'
2026-09-24T08:01:09+10:00  order     SEND stop sell USDJPY.a 0.01 lots @158.246 sl=158.375 tp=157.759 signal=USDJPY.a:15m:sweep_reversal:sell:1790199900000 account=23011660
2026-09-24T08:01:09+10:00  order     RESULT ok=True retcode=10009 ticket=8895516 price=0.0 comment='Request executed'
2026-09-24T08:01:26+10:00  order     SEND stop sell XAUUSD.a 0.01 lots @4287.22 sl=4302.16 tp=4257.34 signal=XAUUSD.a:1h:breakout_retest:sell:1790193600000 account=23011660
2026-09-24T08:01:26+10:00  order     RESULT ok=False retcode=10018 ticket=0 price=0.0 comment='Market closed'
2026-09-24T08:01:40+10:00  order     SEND market sell XAUUSD.a 0.01 lots @4290.51 sl=4382.7 tp=4089.44 signal=XAUUSD.a:4h:mtf_pullback:sell:1790168400000 account=23011660
2026-09-24T08:01:40+10:00  order     RESULT ok=False retcode=10018 ticket=0 price=0.0 comment='Market closed'
2026-09-24T08:01:57+10:00  order     SEND stop sell XAUUSD.a 0.01 lots @4287.22 sl=4302.16 tp=4257.34 signal=XAUUSD.a:1h:breakout_retest:sell:1790193600000 account=23011660
2026-09-24T08:01:57+10:00  order     RESULT ok=True retcode=10009 ticket=8895555 price=0.0 comment='Request executed'
2026-09-24T08:02:14+10:00  order     SEND market sell XAUUSD.a 0.01 lots @4291.41 sl=4382.7 tp=4089.44 signal=XAUUSD.a:4h:mtf_pullback:sell:1790168400000 account=23011660
2026-09-24T08:02:15+10:00  order     RESULT ok=True retcode=10009 ticket=8895595 price=4291.41 comment='Request executed'
2026-09-24T08:31:15+10:00  order     CANCEL order=8895516
2026-09-24T08:31:16+10:00  order     CANCEL RESULT ok=True retcode=10009
2026-09-24T08:57:38+10:00  error     /spec ConnectionResetError: [WinError 10054] An existing connection was forcibly closed by the remote host
2026-09-24T08:58:04+10:00  clock     server offset +10800000 ms (UTC+3.00h) confidence=measured from 5 tick(s)
2026-09-24T08:58:04+10:00  start     bridge on 127.0.0.1:8765 mock=False connected=True server=Pepperstone-MT5-Live01
2026-09-24T08:58:04+10:00  start     EXECUTION ARMED demo_only=True max_lots=0.05
2026-09-24T08:58:29+10:00  clock     server offset +10800000 ms (UTC+3.00h) confidence=measured from 5 tick(s)
2026-09-24T08:58:29+10:00  start     bridge on 127.0.0.1:8765 mock=False connected=True server=ICMarketsAU-Demo
2026-09-24T08:58:29+10:00  start     EXECUTION ARMED demo_only=True max_lots=0.05
2026-09-24T08:58:33+10:00  error     /calendar HTTPError: HTTP Error 429: Too Many Requests
2026-09-24T08:58:35+10:00  error     /calendar HTTPError: HTTP Error 429: Too Many Requests
2026-09-24T08:58:38+10:00  error     /calendar HTTPError: HTTP Error 429: Too Many Requests
2026-09-24T08:58:39+10:00  error     /calendar HTTPError: HTTP Error 429: Too Many Requests
2026-09-24T08:58:39+10:00  error     /calendar HTTPError: HTTP Error 429: Too Many Requests
2026-09-24T08:58:43+10:00  error     /calendar HTTPError: HTTP Error 429: Too Many Requests
2026-09-24T08:58:43+10:00  error     /calendar HTTPError: HTTP Error 429: Too Many Requests
2026-09-24T08:58:53+10:00  error     /calendar HTTPError: HTTP Error 429: Too Many Requests
2026-09-24T08:58:59+10:00  error     /calendar HTTPError: HTTP Error 429: Too Many Requests
2026-09-24T08:59:02+10:00  error     /calendar HTTPError: HTTP Error 429: Too Many Requests
2026-09-24T08:59:02+10:00  error     /calendar HTTPError: HTTP Error 429: Too Many Requests
2026-09-24T08:59:05+10:00  error     /calendar HTTPError: HTTP Error 429: Too Many Requests
2026-09-24T08:59:07+10:00  error     /calendar HTTPError: HTTP Error 429: Too Many Requests
2026-09-24T08:59:08+10:00  error     /calendar HTTPError: HTTP Error 429: Too Many Requests
2026-09-24T08:59:09+10:00  error     /calendar HTTPError: HTTP Error 429: Too Many Requests
2026-09-24T08:59:10+10:00  error     /calendar HTTPError: HTTP Error 429: Too Many Requests
2026-09-24T08:59:35+10:00  error     /calendar HTTPError: HTTP Error 429: Too Many Requests
2026-09-24T09:00:02+10:00  error     /calendar HTTPError: HTTP Error 429: Too Many Requests
2026-09-24T09:00:05+10:00  error     /calendar HTTPError: HTTP Error 429: Too Many Requests
2026-09-24T09:00:35+10:00  error     /calendar HTTPError: HTTP Error 429: Too Many Requests
2026-09-24T09:01:02+10:00  error     /calendar HTTPError: HTTP Error 429: Too Many Requests
2026-09-24T09:01:05+10:00  error     /calendar HTTPError: HTTP Error 429: Too Many Requests
2026-09-24T09:01:13+10:00  order     SEND market buy USDJPY.a 0.01 lots @158.272 sl=158.153 tp=158.534 signal=USDJPY.a:15m:sweep_reversal:buy:1790201700000 account=23011660
2026-09-24T09:01:13+10:00  order     RESULT ok=True retcode=10009 ticket=8896489 price=158.272 comment='Request executed'
2026-09-24T09:01:18+10:00  error     /calendar HTTPError: HTTP Error 429: Too Many Requests
2026-09-24T09:01:29+10:00  error     /calendar HTTPError: HTTP Error 429: Too Many Requests
2026-09-24T09:01:35+10:00  error     /calendar HTTPError: HTTP Error 429: Too Many Requests
2026-09-24T09:01:54+10:00  error     /calendar HTTPError: HTTP Error 429: Too Many Requests
2026-09-24T09:02:02+10:00  error     /calendar HTTPError: HTTP Error 429: Too Many Requests
2026-09-24T09:02:05+10:00  error     /calendar HTTPError: HTTP Error 429: Too Many Requests
2026-09-24T09:02:35+10:00  error     /calendar HTTPError: HTTP Error 429: Too Many Requests
2026-09-24T09:02:36+10:00  error     /calendar HTTPError: HTTP Error 429: Too Many Requests
2026-09-24T09:02:55+10:00  error     /calendar HTTPError: HTTP Error 429: Too Many Requests
2026-09-24T09:03:01+10:00  error     /calendar HTTPError: HTTP Error 429: Too Many Requests
2026-09-24T09:03:02+10:00  error     /calendar HTTPError: HTTP Error 429: Too Many Requests
2026-09-24T09:03:06+10:00  error     /calendar HTTPError: HTTP Error 429: Too Many Requests
2026-09-24T09:03:10+10:00  error     /calendar HTTPError: HTTP Error 429: Too Many Requests
2026-09-24T09:03:17+10:00  error     /calendar HTTPError: HTTP Error 429: Too Many Requests
2026-09-24T09:03:22+10:00  error     /calendar HTTPError: HTTP Error 429: Too Many Requests
2026-09-24T09:03:22+10:00  error     /calendar HTTPError: HTTP Error 429: Too Many Requests
2026-09-24T09:22:02+10:00  clock     server offset +10800000 ms (UTC+3.00h) confidence=measured from 5 tick(s)
2026-09-24T09:22:02+10:00  start     bridge on 127.0.0.1:8765 mock=False connected=True server=ICMarketsAU-Demo
2026-09-24T09:22:02+10:00  start     EXECUTION ARMED demo_only=True max_lots=0.05
2026-09-24T09:41:33+10:00  error     /bars ConnectionResetError: [WinError 10054] An existing connection was forcibly closed by the remote host
2026-09-24T09:41:44+10:00  clock     server offset +10800000 ms (UTC+3.00h) confidence=measured from 5 tick(s)
2026-09-24T09:41:44+10:00  start     bridge on 127.0.0.1:8765 mock=False connected=True server=ICMarketsAU-Demo
2026-09-24T09:41:44+10:00  start     EXECUTION ARMED demo_only=True max_lots=0.05
2026-09-24T09:52:56+10:00  clock     server offset +10800000 ms (UTC+3.00h) confidence=measured from 5 tick(s)
2026-09-24T09:52:56+10:00  start     bridge on 127.0.0.1:8765 mock=False connected=True server=ICMarketsAU-Demo
2026-09-24T09:52:56+10:00  start     EXECUTION ARMED demo_only=True max_lots=0.05
2026-09-24T09:58:35+10:00  error     /spec ConnectionResetError: [WinError 10054] An existing connection was forcibly closed by the remote host
2026-09-24T09:58:44+10:00  clock     server offset +10800000 ms (UTC+3.00h) confidence=measured from 5 tick(s)
2026-09-24T09:58:44+10:00  start     bridge on 127.0.0.1:8765 mock=False connected=True server=ICMarketsAU-Demo
2026-09-24T09:58:44+10:00  start     EXECUTION ARMED demo_only=True max_lots=0.05
2026-09-24T10:09:19+10:00  error     /spec ConnectionResetError: [WinError 10054] An existing connection was forcibly closed by the remote host
2026-09-24T10:09:28+10:00  clock     server offset +10800000 ms (UTC+3.00h) confidence=measured from 5 tick(s)
2026-09-24T10:09:28+10:00  start     bridge on 127.0.0.1:8765 mock=False connected=True server=ICMarketsAU-Demo
2026-09-24T10:09:28+10:00  start     EXECUTION ARMED demo_only=True max_lots=0.05
2026-09-24T10:22:05+10:00  error     /spec ConnectionResetError: [WinError 10054] An existing connection was forcibly closed by the remote host
2026-09-24T10:22:23+10:00  clock     server offset +10800000 ms (UTC+3.00h) confidence=measured from 5 tick(s)
2026-09-24T10:22:23+10:00  start     bridge on 127.0.0.1:8765 mock=False connected=True server=ICMarketsAU-Demo
2026-09-24T10:22:23+10:00  start     EXECUTION ARMED demo_only=True max_lots=0.05
2026-09-24T10:33:19+10:00  error     /account ConnectionResetError: [WinError 10054] An existing connection was forcibly closed by the remote host
2026-09-24T10:34:51+10:00  clock     server offset +10800000 ms (UTC+3.00h) confidence=measured from 5 tick(s)
2026-09-24T10:34:51+10:00  start     bridge on 127.0.0.1:8765 mock=False connected=True server=ICMarketsAU-Demo
2026-09-24T10:34:51+10:00  start     EXECUTION ARMED demo_only=True max_lots=0.05
2026-09-24T10:40:00+10:00  order     SEND market sell USDJPY.a 0.01 lots @158.207 sl=158.438 tp=157.817 signal=USDJPY.a:15m:range_fade:sell:1790208900000 account=23011660
2026-09-24T10:40:00+10:00  order     RESULT ok=True retcode=10009 ticket=8898723 price=158.207 comment='Request executed'
2026-09-24T10:44:10+10:00  error     /bars ConnectionResetError: [WinError 10054] An existing connection was forcibly closed by the remote host
2026-09-24T10:44:21+10:00  clock     server offset +10800000 ms (UTC+3.00h) confidence=measured from 5 tick(s)
2026-09-24T10:44:21+10:00  start     bridge on 127.0.0.1:8765 mock=False connected=True server=ICMarketsAU-Demo
2026-09-24T10:44:21+10:00  start     EXECUTION ARMED demo_only=True max_lots=0.05
2026-09-24T10:54:04+10:00  order     MODIFY position=8898723 sl 158.438 -> 158.092
2026-09-24T10:54:04+10:00  order     MODIFY RESULT ok=True retcode=10009
2026-09-24T10:56:39+10:00  clock     server offset +10800000 ms (UTC+3.00h) confidence=measured from 5 tick(s)
2026-09-24T10:56:39+10:00  start     bridge on 127.0.0.1:8765 mock=False connected=True server=ICMarketsAU-Demo
2026-09-24T10:56:39+10:00  start     EXECUTION ARMED demo_only=True max_lots=0.05
2026-09-24T11:00:53+10:00  order     SEND market sell USDJPY.a 0.01 lots @158.07 sl=158.375 tp=157.448 signal=USDJPY.a:15m:sweep_reversal:sell:1790210700000 account=23011660
2026-09-24T11:00:53+10:00  order     RESULT ok=True retcode=10009 ticket=8899466 price=158.07 comment='Request executed'
2026-09-24T11:09:12+10:00  error     /spec ConnectionResetError: [WinError 10054] An existing connection was forcibly closed by the remote host
2026-09-24T11:18:29+10:00  clock     server offset +10800000 ms (UTC+3.00h) confidence=measured from 5 tick(s)
2026-09-24T11:18:29+10:00  start     bridge on 127.0.0.1:8765 mock=False connected=True server=ICMarketsAU-Demo
2026-09-24T11:18:29+10:00  start     EXECUTION ARMED demo_only=True max_lots=0.05
2026-09-24T11:34:24+10:00  order     SEND market buy USDJPY.a 0.01 lots @157.904 sl=157.804 tp=158.07 signal=USDJPY.a:5m:breakout_retest:buy:1790212800000 account=23011660
2026-09-24T11:34:24+10:00  order     RESULT ok=True retcode=10009 ticket=8900305 price=157.904 comment='Request executed'
2026-09-24T11:37:48+10:00  clock     server offset +10800000 ms (UTC+3.00h) confidence=measured from 5 tick(s)
2026-09-24T11:37:48+10:00  start     bridge on 127.0.0.1:8765 mock=False connected=True server=ICMarketsAU-Demo
2026-09-24T11:37:48+10:00  start     EXECUTION ARMED demo_only=True max_lots=0.05
