* connecting to MetaTrader 5 using the terminal session already logged in (--attach-only: credentials ignored)
+ attach to the running terminal: ok
* clock    : broker runs UTC+3.00h (measured)
+ connected: account 51527502 on Pepperstone-MT5-Live01 (Mohammad Nuruzzaman #2 AUD) [LIVE]
* NOTE: this is a LIVE account. Reading is harmless; execution stays disarmed unless you pass --enable-trading --allow-live.
* execution DISARMED - no order path is reachable (use --enable-trading to arm)
* bridge on http://127.0.0.1:8765  (Ctrl+C to stop)
* endpoints: /health /account /positions /orders /deals /symbols /spec /quotes /ticks /bars /calendar /cot
----------------------------------------
Exception occurred during processing of request from ('127.0.0.1', 59539)
----------------------------------------
Exception occurred during processing of request from ('127.0.0.1', 59540)
----------------------------------------
Exception occurred during processing of request from ('127.0.0.1', 59382)
----------------------------------------
Exception occurred during processing of request from ('127.0.0.1', 59384)
----------------------------------------
Exception occurred during processing of request from ('127.0.0.1', 59385)
----------------------------------------
Exception occurred during processing of request from ('127.0.0.1', 63812)
----------------------------------------
Exception occurred during processing of request from ('127.0.0.1', 59538)
Traceback (most recent call last):
  File "C:\Users\MohammadNuruzzaman\Downloads\DiaNurFxScalpingWorkstation\bridge\mt5_bridge.py", line 1861, in do_GET
    return self._json(payload)
           ^^^^^^^^^^^^^^^^^^^
  File "C:\Users\MohammadNuruzzaman\Downloads\DiaNurFxScalpingWorkstation\bridge\mt5_bridge.py", line 1490, in _json
    self.wfile.write(body)
  File "C:\Users\MohammadNuruzzaman\AppData\Local\Programs\Python\Python312\Lib\socketserver.py", line 845, in write
    self._sock.sendall(b)
ConnectionAbortedError: [WinError 10053] An established connection was aborted by the software in your host machine

During handling of the above exception, another exception occurred:

Traceback (most recent call last):
  File "C:\Users\MohammadNuruzzaman\AppData\Local\Programs\Python\Python312\Lib\socketserver.py", line 697, in process_request_thread
    self.finish_request(request, client_address)
  File "C:\Users\MohammadNuruzzaman\AppData\Local\Programs\Python\Python312\Lib\socketserver.py", line 362, in finish_request
    self.RequestHandlerClass(request, client_address, self)
Traceback (most recent call last):
Traceback (most recent call last):
  File "C:\Users\MohammadNuruzzaman\Downloads\DiaNurFxScalpingWorkstation\bridge\mt5_bridge.py", line 1827, in do_GET
    return self._json({'quotes': out})
           ^^^^^^^^^^^^^^^^^^^^^^^^^^^
  File "C:\Users\MohammadNuruzzaman\AppData\Local\Programs\Python\Python312\Lib\socketserver.py", line 766, in __init__
    self.handle()
  File "C:\Users\MohammadNuruzzaman\Downloads\DiaNurFxScalpingWorkstation\bridge\mt5_bridge.py", line 1861, in do_GET
    return self._json(payload)
           ^^^^^^^^^^^^^^^^^^^
  File "C:\Users\MohammadNuruzzaman\Downloads\DiaNurFxScalpingWorkstation\bridge\mt5_bridge.py", line 1490, in _json
    self.wfile.write(body)
  File "C:\Users\MohammadNuruzzaman\AppData\Local\Programs\Python\Python312\Lib\socketserver.py", line 845, in write
    self._sock.sendall(b)
  File "C:\Users\MohammadNuruzzaman\AppData\Local\Programs\Python\Python312\Lib\http\server.py", line 436, in handle
    self.handle_one_request()
ConnectionAbortedError: [WinError 10053] An established connection was aborted by the software in your host machine
Traceback (most recent call last):
  File "C:\Users\MohammadNuruzzaman\Downloads\DiaNurFxScalpingWorkstation\bridge\mt5_bridge.py", line 1490, in _json
    self.wfile.write(body)
  File "C:\Users\MohammadNuruzzaman\AppData\Local\Programs\Python\Python312\Lib\socketserver.py", line 845, in write
    self._sock.sendall(b)

During handling of the above exception, another exception occurred:

  File "C:\Users\MohammadNuruzzaman\Downloads\DiaNurFxScalpingWorkstation\bridge\mt5_bridge.py", line 1861, in do_GET
    return self._json(payload)
           ^^^^^^^^^^^^^^^^^^^
  File "C:\Users\MohammadNuruzzaman\AppData\Local\Programs\Python\Python312\Lib\http\server.py", line 424, in handle_one_request
    method()
  File "C:\Users\MohammadNuruzzaman\Downloads\DiaNurFxScalpingWorkstation\bridge\mt5_bridge.py", line 1490, in _json
    self.wfile.write(body)
ConnectionAbortedError: [WinError 10053] An established connection was aborted by the software in your host machine
Traceback (most recent call last):
  File "C:\Users\MohammadNuruzzaman\Downloads\DiaNurFxScalpingWorkstation\bridge\mt5_bridge.py", line 1913, in do_GET
    return self._json({'error': '%s: %s' % (type(exc).__name__, exc)}, 500)
           ^^^^^^^^^^^^^^^^^^^^^^^^^^^^^^^^^^^^^^^^^^^^^^^^^^^^^^^^^^^^^^^^
  File "C:\Users\MohammadNuruzzaman\AppData\Local\Programs\Python\Python312\Lib\socketserver.py", line 697, in process_request_thread
    self.finish_request(request, client_address)
  File "C:\Users\MohammadNuruzzaman\Downloads\DiaNurFxScalpingWorkstation\bridge\mt5_bridge.py", line 1489, in _json
    self.end_headers()
  File "C:\Users\MohammadNuruzzaman\AppData\Local\Programs\Python\Python312\Lib\socketserver.py", line 362, in finish_request
    self.RequestHandlerClass(request, client_address, self)
  File "C:\Users\MohammadNuruzzaman\AppData\Local\Programs\Python\Python312\Lib\socketserver.py", line 766, in __init__
    self.handle()
  File "C:\Users\MohammadNuruzzaman\AppData\Local\Programs\Python\Python312\Lib\http\server.py", line 436, in handle
    self.handle_one_request()
  File "C:\Users\MohammadNuruzzaman\AppData\Local\Programs\Python\Python312\Lib\http\server.py", line 424, in handle_one_request
    method()
  File "C:\Users\MohammadNuruzzaman\AppData\Local\Programs\Python\Python312\Lib\http\server.py", line 538, in end_headers
    self.flush_headers()
  File "C:\Users\MohammadNuruzzaman\AppData\Local\Programs\Python\Python312\Lib\http\server.py", line 542, in flush_headers
    self.wfile.write(b"".join(self._headers_buffer))
  File "C:\Users\MohammadNuruzzaman\AppData\Local\Programs\Python\Python312\Lib\socketserver.py", line 845, in write
    self._sock.sendall(b)
  File "C:\Users\MohammadNuruzzaman\AppData\Local\Programs\Python\Python312\Lib\socketserver.py", line 845, in write
    self._sock.sendall(b)
Traceback (most recent call last):
  File "C:\Users\MohammadNuruzzaman\Downloads\DiaNurFxScalpingWorkstation\bridge\mt5_bridge.py", line 1913, in do_GET
    return self._json({'error': '%s: %s' % (type(exc).__name__, exc)}, 500)
           ^^^^^^^^^^^^^^^^^^^^^^^^^^^^^^^^^^^^^^^^^^^^^^^^^^^^^^^^^^^^^^^^
Traceback (most recent call last):

During handling of the above exception, another exception occurred:

ConnectionAbortedError: [WinError 10053] An established connection was aborted by the software in your host machine
  File "C:\Users\MohammadNuruzzaman\Downloads\DiaNurFxScalpingWorkstation\bridge\mt5_bridge.py", line 1489, in _json
    self.end_headers()
  File "C:\Users\MohammadNuruzzaman\Downloads\DiaNurFxScalpingWorkstation\bridge\mt5_bridge.py", line 1861, in do_GET
    return self._json(payload)
           ^^^^^^^^^^^^^^^^^^^
Traceback (most recent call last):
  File "C:\Users\MohammadNuruzzaman\AppData\Local\Programs\Python\Python312\Lib\socketserver.py", line 697, in process_request_thread
    self.finish_request(request, client_address)

During handling of the above exception, another exception occurred:

ConnectionAbortedError: [WinError 10053] An established connection was aborted by the software in your host machine
  File "C:\Users\MohammadNuruzzaman\Downloads\DiaNurFxScalpingWorkstation\bridge\mt5_bridge.py", line 1490, in _json
    self.wfile.write(body)
  File "C:\Users\MohammadNuruzzaman\Downloads\DiaNurFxScalpingWorkstation\bridge\mt5_bridge.py", line 1770, in do_GET
    return self._json(MOCK.account() if STATE['mock'] else read_account())
           ^^^^^^^^^^^^^^^^^^^^^^^^^^^^^^^^^^^^^^^^^^^^^^^^^^^^^^^^^^^^^^^
Traceback (most recent call last):
  File "C:\Users\MohammadNuruzzaman\AppData\Local\Programs\Python\Python312\Lib\socketserver.py", line 362, in finish_request
    self.RequestHandlerClass(request, client_address, self)
----------------------------------------  File "C:\Users\MohammadNuruzzaman\Downloads\DiaNurFxScalpingWorkstation\bridge\mt5_bridge.py", line 1490, in _json
    self.wfile.write(body)
  File "C:\Users\MohammadNuruzzaman\AppData\Local\Programs\Python\Python312\Lib\socketserver.py", line 697, in process_request_thread
    self.finish_request(request, client_address)
  File "C:\Users\MohammadNuruzzaman\AppData\Local\Programs\Python\Python312\Lib\http\server.py", line 538, in end_headers
    self.flush_headers()
  File "C:\Users\MohammadNuruzzaman\AppData\Local\Programs\Python\Python312\Lib\socketserver.py", line 845, in write
    self._sock.sendall(b)
  File "C:\Users\MohammadNuruzzaman\AppData\Local\Programs\Python\Python312\Lib\http\server.py", line 542, in flush_headers
    self.wfile.write(b"".join(self._headers_buffer))

Traceback (most recent call last):
  File "C:\Users\MohammadNuruzzaman\Downloads\DiaNurFxScalpingWorkstation\bridge\mt5_bridge.py", line 1827, in do_GET
    return self._json({'quotes': out})
           ^^^^^^^^^^^^^^^^^^^^^^^^^^^
  File "C:\Users\MohammadNuruzzaman\AppData\Local\Programs\Python\Python312\Lib\socketserver.py", line 845, in write
    self._sock.sendall(b)
  File "C:\Users\MohammadNuruzzaman\AppData\Local\Programs\Python\Python312\Lib\socketserver.py", line 362, in finish_request
    self.RequestHandlerClass(request, client_address, self)
  File "C:\Users\MohammadNuruzzaman\AppData\Local\Programs\Python\Python312\Lib\socketserver.py", line 845, in write
    self._sock.sendall(b)
  File "C:\Users\MohammadNuruzzaman\AppData\Local\Programs\Python\Python312\Lib\socketserver.py", line 766, in __init__
    self.handle()
  File "C:\Users\MohammadNuruzzaman\AppData\Local\Programs\Python\Python312\Lib\socketserver.py", line 766, in __init__
    self.handle()
ConnectionAbortedError: [WinError 10053] An established connection was aborted by the software in your host machine
  File "C:\Users\MohammadNuruzzaman\AppData\Local\Programs\Python\Python312\Lib\http\server.py", line 436, in handle
    self.handle_one_request()
ConnectionAbortedError: [WinError 10053] An established connection was aborted by the software in your host machine

During handling of the above exception, another exception occurred:

Traceback (most recent call last):
ConnectionAbortedError: [WinError 10053] An established connection was aborted by the software in your host machine
----------------------------------------  File "C:\Users\MohammadNuruzzaman\Downloads\DiaNurFxScalpingWorkstation\bridge\mt5_bridge.py", line 1490, in _json
    self.wfile.write(body)
  File "C:\Users\MohammadNuruzzaman\AppData\Local\Programs\Python\Python312\Lib\socketserver.py", line 697, in process_request_thread
    self.finish_request(request, client_address)
  File "C:\Users\MohammadNuruzzaman\AppData\Local\Programs\Python\Python312\Lib\socketserver.py", line 362, in finish_request
    self.RequestHandlerClass(request, client_address, self)

  File "C:\Users\MohammadNuruzzaman\AppData\Local\Programs\Python\Python312\Lib\http\server.py", line 424, in handle_one_request
    method()

During handling of the above exception, another exception occurred:

  File "C:\Users\MohammadNuruzzaman\AppData\Local\Programs\Python\Python312\Lib\http\server.py", line 436, in handle
    self.handle_one_request()
  File "C:\Users\MohammadNuruzzaman\AppData\Local\Programs\Python\Python312\Lib\socketserver.py", line 845, in write
    self._sock.sendall(b)
  File "C:\Users\MohammadNuruzzaman\Downloads\DiaNurFxScalpingWorkstation\bridge\mt5_bridge.py", line 1913, in do_GET
    return self._json({'error': '%s: %s' % (type(exc).__name__, exc)}, 500)
           ^^^^^^^^^^^^^^^^^^^^^^^^^^^^^^^^^^^^^^^^^^^^^^^^^^^^^^^^^^^^^^^^
ConnectionAbortedError: [WinError 10053] An established connection was aborted by the software in your host machine
  File "C:\Users\MohammadNuruzzaman\AppData\Local\Programs\Python\Python312\Lib\socketserver.py", line 766, in __init__
    self.handle()
  File "C:\Users\MohammadNuruzzaman\AppData\Local\Programs\Python\Python312\Lib\http\server.py", line 424, in handle_one_request
    method()

During handling of the above exception, another exception occurred:

Traceback (most recent call last):
Traceback (most recent call last):
  File "C:\Users\MohammadNuruzzaman\AppData\Local\Programs\Python\Python312\Lib\http\server.py", line 436, in handle
    self.handle_one_request()
  File "C:\Users\MohammadNuruzzaman\Downloads\DiaNurFxScalpingWorkstation\bridge\mt5_bridge.py", line 1913, in do_GET
    return self._json({'error': '%s: %s' % (type(exc).__name__, exc)}, 500)
           ^^^^^^^^^^^^^^^^^^^^^^^^^^^^^^^^^^^^^^^^^^^^^^^^^^^^^^^^^^^^^^^^
  File "C:\Users\MohammadNuruzzaman\AppData\Local\Programs\Python\Python312\Lib\http\server.py", line 424, in handle_one_request
    method()
  File "C:\Users\MohammadNuruzzaman\Downloads\DiaNurFxScalpingWorkstation\bridge\mt5_bridge.py", line 1913, in do_GET
    return self._json({'error': '%s: %s' % (type(exc).__name__, exc)}, 500)
           ^^^^^^^^^^^^^^^^^^^^^^^^^^^^^^^^^^^^^^^^^^^^^^^^^^^^^^^^^^^^^^^^
  File "C:\Users\MohammadNuruzzaman\AppData\Local\Programs\Python\Python312\Lib\socketserver.py", line 697, in process_request_thread
    self.finish_request(request, client_address)
  File "C:\Users\MohammadNuruzzaman\AppData\Local\Programs\Python\Python312\Lib\socketserver.py", line 697, in process_request_thread
    self.finish_request(request, client_address)
  File "C:\Users\MohammadNuruzzaman\Downloads\DiaNurFxScalpingWorkstation\bridge\mt5_bridge.py", line 1489, in _json
    self.end_headers()
  File "C:\Users\MohammadNuruzzaman\Downloads\DiaNurFxScalpingWorkstation\bridge\mt5_bridge.py", line 1489, in _json
    self.end_headers()
  File "C:\Users\MohammadNuruzzaman\AppData\Local\Programs\Python\Python312\Lib\socketserver.py", line 362, in finish_request
    self.RequestHandlerClass(request, client_address, self)
  File "C:\Users\MohammadNuruzzaman\AppData\Local\Programs\Python\Python312\Lib\socketserver.py", line 766, in __init__
    self.handle()
  File "C:\Users\MohammadNuruzzaman\Downloads\DiaNurFxScalpingWorkstation\bridge\mt5_bridge.py", line 1489, in _json
    self.end_headers()
  File "C:\Users\MohammadNuruzzaman\AppData\Local\Programs\Python\Python312\Lib\http\server.py", line 538, in end_headers
    self.flush_headers()
  File "C:\Users\MohammadNuruzzaman\AppData\Local\Programs\Python\Python312\Lib\socketserver.py", line 362, in finish_request
    self.RequestHandlerClass(request, client_address, self)
  File "C:\Users\MohammadNuruzzaman\AppData\Local\Programs\Python\Python312\Lib\socketserver.py", line 766, in __init__
    self.handle()
  File "C:\Users\MohammadNuruzzaman\AppData\Local\Programs\Python\Python312\Lib\http\server.py", line 538, in end_headers
    self.flush_headers()
  File "C:\Users\MohammadNuruzzaman\AppData\Local\Programs\Python\Python312\Lib\http\server.py", line 436, in handle
    self.handle_one_request()
  File "C:\Users\MohammadNuruzzaman\AppData\Local\Programs\Python\Python312\Lib\http\server.py", line 436, in handle
    self.handle_one_request()
  File "C:\Users\MohammadNuruzzaman\AppData\Local\Programs\Python\Python312\Lib\http\server.py", line 538, in end_headers
    self.flush_headers()
  File "C:\Users\MohammadNuruzzaman\AppData\Local\Programs\Python\Python312\Lib\http\server.py", line 424, in handle_one_request
    method()
  File "C:\Users\MohammadNuruzzaman\AppData\Local\Programs\Python\Python312\Lib\http\server.py", line 542, in flush_headers
    self.wfile.write(b"".join(self._headers_buffer))
  File "C:\Users\MohammadNuruzzaman\AppData\Local\Programs\Python\Python312\Lib\http\server.py", line 424, in handle_one_request
    method()
  File "C:\Users\MohammadNuruzzaman\AppData\Local\Programs\Python\Python312\Lib\http\server.py", line 542, in flush_headers
    self.wfile.write(b"".join(self._headers_buffer))
  File "C:\Users\MohammadNuruzzaman\AppData\Local\Programs\Python\Python312\Lib\socketserver.py", line 845, in write
    self._sock.sendall(b)
  File "C:\Users\MohammadNuruzzaman\AppData\Local\Programs\Python\Python312\Lib\http\server.py", line 542, in flush_headers
    self.wfile.write(b"".join(self._headers_buffer))
  File "C:\Users\MohammadNuruzzaman\Downloads\DiaNurFxScalpingWorkstation\bridge\mt5_bridge.py", line 1913, in do_GET
    return self._json({'error': '%s: %s' % (type(exc).__name__, exc)}, 500)
           ^^^^^^^^^^^^^^^^^^^^^^^^^^^^^^^^^^^^^^^^^^^^^^^^^^^^^^^^^^^^^^^^
  File "C:\Users\MohammadNuruzzaman\Downloads\DiaNurFxScalpingWorkstation\bridge\mt5_bridge.py", line 1913, in do_GET
    return self._json({'error': '%s: %s' % (type(exc).__name__, exc)}, 500)
           ^^^^^^^^^^^^^^^^^^^^^^^^^^^^^^^^^^^^^^^^^^^^^^^^^^^^^^^^^^^^^^^^
  File "C:\Users\MohammadNuruzzaman\AppData\Local\Programs\Python\Python312\Lib\socketserver.py", line 845, in write
    self._sock.sendall(b)
ConnectionAbortedError: [WinError 10053] An established connection was aborted by the software in your host machine
  File "C:\Users\MohammadNuruzzaman\Downloads\DiaNurFxScalpingWorkstation\bridge\mt5_bridge.py", line 1489, in _json
    self.end_headers()
  File "C:\Users\MohammadNuruzzaman\AppData\Local\Programs\Python\Python312\Lib\http\server.py", line 538, in end_headers
    self.flush_headers()
----------------------------------------ConnectionAbortedError: [WinError 10053] An established connection was aborted by the software in your host machine
  File "C:\Users\MohammadNuruzzaman\Downloads\DiaNurFxScalpingWorkstation\bridge\mt5_bridge.py", line 1489, in _json
    self.end_headers()

  File "C:\Users\MohammadNuruzzaman\AppData\Local\Programs\Python\Python312\Lib\socketserver.py", line 845, in write
    self._sock.sendall(b)
  File "C:\Users\MohammadNuruzzaman\AppData\Local\Programs\Python\Python312\Lib\http\server.py", line 542, in flush_headers
    self.wfile.write(b"".join(self._headers_buffer))
----------------------------------------
ConnectionAbortedError: [WinError 10053] An established connection was aborted by the software in your host machine
  File "C:\Users\MohammadNuruzzaman\AppData\Local\Programs\Python\Python312\Lib\http\server.py", line 538, in end_headers
    self.flush_headers()
  File "C:\Users\MohammadNuruzzaman\AppData\Local\Programs\Python\Python312\Lib\socketserver.py", line 845, in write
    self._sock.sendall(b)
  File "C:\Users\MohammadNuruzzaman\AppData\Local\Programs\Python\Python312\Lib\http\server.py", line 542, in flush_headers
    self.wfile.write(b"".join(self._headers_buffer))
----------------------------------------ConnectionAbortedError: [WinError 10053] An established connection was aborted by the software in your host machine
  File "C:\Users\MohammadNuruzzaman\AppData\Local\Programs\Python\Python312\Lib\socketserver.py", line 845, in write
    self._sock.sendall(b)
----------------------------------------

ConnectionAbortedError: [WinError 10053] An established connection was aborted by the software in your host machine
----------------------------------------
