2026-09-25T00:00:45+10:00  order     CANCEL order=8918642
2026-09-25T00:00:46+10:00  order     CANCEL RESULT ok=True retcode=10009
2026-09-25T00:00:46+10:00  order     CANCEL order=8918912
2026-09-25T00:00:46+10:00  order     CANCEL RESULT ok=True retcode=10009
2026-09-25T08:42:50+10:00  clock     server offset +10800000 ms (UTC+3.00h) confidence=measured from 5 tick(s)
2026-09-25T08:42:50+10:00  start     bridge on 127.0.0.1:8765 mock=False connected=True server=ICMarketsAU-Demo
2026-09-25T08:42:50+10:00  start     EXECUTION ARMED demo_only=True max_lots=0.05
2026-09-25T08:43:17+10:00  order     MODIFY position=8913686 sl 158.305 -> 158.781
2026-09-25T08:43:18+10:00  order     MODIFY RESULT ok=True retcode=10009
2026-09-25T08:43:22+10:00  order     MODIFY position=8913686 sl 158.781 -> 158.782
2026-09-25T08:43:22+10:00  order     MODIFY RESULT ok=True retcode=10009
2026-09-25T09:21:11+10:00  error     /health ConnectionAbortedError: [WinError 10053] An established connection was aborted by the software in your host machine
2026-09-25T10:03:14+10:00  order     SEND limit sell XAUUSD.a 0.01 lots @4271.62 sl=4276.66 tp=4261.55 signal=XAUUSD.a:3m:pattern_break:sell:1790293500000 account=23011660
2026-09-25T10:03:14+10:00  order     RESULT ok=True retcode=10009 ticket=8931621 price=0.0 comment='Request executed'
2026-09-25T10:06:15+10:00  order     CANCEL order=8931621
2026-09-25T10:06:15+10:00  order     CANCEL RESULT ok=True retcode=10009
2026-09-25T10:27:08+10:00  order     SEND stop sell XAUUSD.a 0.01 lots @4268.82 sl=4276.84 tp=4252.78 signal=XAUUSD.a:3m:pattern_break:sell:1790294760000 account=23011660
2026-09-25T10:27:08+10:00  order     RESULT ok=True retcode=10009 ticket=8931884 price=0.0 comment='Request executed'
2026-09-25T12:06:30+10:00  order     SEND stop buy XAUUSD.a 0.01 lots @4295.84 sl=4286.02 tp=4314.92 signal=XAUUSD.a:3m:flag_continuation:buy:1790301780000 account=23011660
2026-09-25T12:06:31+10:00  order     RESULT ok=True retcode=10009 ticket=8933842 price=0.0 comment='Request executed'
2026-09-25T12:15:12+10:00  order     CANCEL order=8933842
2026-09-25T12:15:12+10:00  order     CANCEL RESULT ok=True retcode=10009
2026-09-25T12:29:56+10:00  order     SEND stop sell XAUUSD.a 0.01 lots @4286.55 sl=4297.02 tp=4265.6 signal=XAUUSD.a:3m:pattern_break:sell:1790302860000 account=23011660
2026-09-25T12:29:56+10:00  order     RESULT ok=True retcode=10009 ticket=8934064 price=0.0 comment='Request executed'
2026-09-25T12:29:57+10:00  order     REFUSED an order was sent moments ago - throttled. Nothing was sent.
2026-09-25T12:30:27+10:00  order     SEND stop sell XAUUSD.a 0.01 lots @4286.55 sl=4297.37 tp=4264.9 signal=XAUUSD.a:5m:pattern_break:sell:1790303100000 account=23011660
2026-09-25T12:30:27+10:00  order     RESULT ok=True retcode=10009 ticket=8934068 price=0.0 comment='Request executed'
2026-09-25T13:35:49+10:00  order     MODIFY position=8934064 sl 4297.02 -> 4281.27
2026-09-25T13:35:49+10:00  order     MODIFY RESULT ok=True retcode=10009
2026-09-25T13:35:54+10:00  order     MODIFY position=8934064 sl 4281.27 -> 4278.54
2026-09-25T13:35:54+10:00  order     MODIFY RESULT ok=True retcode=10009
2026-09-25T13:36:10+10:00  order     MODIFY position=8934068 sl 4297.37 -> 4281.1
2026-09-25T13:36:10+10:00  order     MODIFY RESULT ok=True retcode=10009
2026-09-25T13:38:55+10:00  order     MODIFY position=8934064 sl 4278.54 -> 4276.36
2026-09-25T13:38:55+10:00  order     MODIFY RESULT ok=True retcode=10009
2026-09-25T13:39:56+10:00  order     MODIFY position=8934068 sl 4281.1 -> 4277.14
2026-09-25T13:39:56+10:00  order     MODIFY RESULT ok=True retcode=10009
2026-09-25T13:44:54+10:00  order     MODIFY position=8934064 sl 4276.36 -> 4276.17
2026-09-25T13:44:55+10:00  order     MODIFY RESULT ok=True retcode=10009
2026-09-25T13:44:55+10:00  order     MODIFY position=8934068 sl 4277.14 -> 4276.95
2026-09-25T13:44:55+10:00  order     MODIFY RESULT ok=True retcode=10009
2026-09-25T13:47:56+10:00  order     MODIFY position=8934064 sl 4276.17 -> 4274.11
2026-09-25T13:47:57+10:00  order     MODIFY RESULT ok=True retcode=10009
2026-09-25T13:49:54+10:00  order     MODIFY position=8934068 sl 4276.95 -> 4274.81
2026-09-25T13:49:55+10:00  order     MODIFY RESULT ok=True retcode=10009
2026-09-25T13:50:55+10:00  order     MODIFY position=8934064 sl 4274.11 -> 4274.03
2026-09-25T13:50:56+10:00  order     MODIFY RESULT ok=True retcode=10009
2026-09-25T13:54:56+10:00  order     MODIFY position=8934068 sl 4274.81 -> 4274.72
2026-09-25T13:54:56+10:00  order     MODIFY RESULT ok=True retcode=10009
2026-09-25T13:56:53+10:00  order     MODIFY position=8934064 sl 4274.03 -> 4273.66
2026-09-25T13:56:54+10:00  order     MODIFY RESULT ok=True retcode=10009
2026-09-25T13:59:56+10:00  order     MODIFY position=8934064 sl 4273.66 -> 4272.18
2026-09-25T13:59:56+10:00  order     MODIFY RESULT ok=True retcode=10009
2026-09-25T13:59:56+10:00  order     MODIFY position=8934068 sl 4274.72 -> 4272.96
2026-09-25T13:59:57+10:00  order     MODIFY RESULT ok=True retcode=10009
2026-09-25T14:04:55+10:00  order     MODIFY position=8934068 sl 4272.96 -> 4272.21
2026-09-25T14:04:55+10:00  order     MODIFY RESULT ok=True retcode=10009
2026-09-25T14:05:54+10:00  order     MODIFY position=8934064 sl 4272.18 -> 4271.43
2026-09-25T14:05:55+10:00  order     MODIFY RESULT ok=False retcode=10016
2026-09-25T14:05:57+10:00  order     MODIFY position=8934064 sl 4272.18 -> 4271.81
2026-09-25T14:05:58+10:00  order     MODIFY RESULT ok=False retcode=10016
2026-09-25T14:06:00+10:00  order     MODIFY position=8934064 sl 4272.18 -> 4271.81
2026-09-25T14:06:00+10:00  order     MODIFY RESULT ok=True retcode=10009
2026-09-25T14:14:54+10:00  order     MODIFY position=8934068 sl 4272.21 -> 4271.44
2026-09-25T14:14:54+10:00  order     MODIFY RESULT ok=True retcode=10009
2026-09-25T14:19:54+10:00  order     MODIFY position=8934068 sl 4271.44 -> 4271.13
2026-09-25T14:19:54+10:00  order     MODIFY RESULT ok=True retcode=10009
2026-09-25T15:44:17+10:00  clock     server offset +10800000 ms (UTC+3.00h) confidence=measured from 5 tick(s)
2026-09-25T15:44:17+10:00  start     bridge on 127.0.0.1:8765 mock=False connected=True server=ICMarketsAU-Demo
2026-09-25T15:44:17+10:00  start     EXECUTION ARMED demo_only=True max_lots=0.05
2026-09-25T16:10:50+10:00  order     SEND stop buy XAUUSD.a 0.01 lots @4273.23 sl=4255.15 tp=4295.84 signal=XAUUSD.a:5m:false_break_fade:buy:1790314500000 account=23011660
2026-09-25T16:10:51+10:00  order     RESULT ok=True retcode=10009 ticket=8938209 price=0.0 comment='Request executed'
2026-09-25T16:31:06+10:00  order     SEND stop buy XAUUSD.a 0.01 lots @4281.2 sl=4275.26 tp=4295.32 signal=XAUUSD.a:1m:pattern_break:buy:1790317620000 account=23011660
2026-09-25T16:31:06+10:00  order     RESULT ok=True retcode=10009 ticket=8938637 price=0.0 comment='Request executed'
2026-09-25T16:31:23+10:00  order     CANCEL order=8938637
2026-09-25T16:31:24+10:00  order     CANCEL RESULT ok=True retcode=10009
2026-09-25T16:45:00+10:00  order     SEND stop buy XAUUSD.a 0.01 lots @4277.68 sl=4273.59 tp=4285.86 signal=XAUUSD.a:1m:pattern_break:buy:1790318340000 account=23011660
2026-09-25T16:45:00+10:00  order     RESULT ok=True retcode=10009 ticket=8938758 price=0.0 comment='Request executed'
2026-09-25T16:46:03+10:00  order     CANCEL order=8938758
2026-09-25T16:46:03+10:00  order     CANCEL RESULT ok=True retcode=10009
2026-09-25T16:47:07+10:00  order     SEND market buy XAUUSD.a 0.01 lots @4277.66 sl=4273.7 tp=4286.24 signal=XAUUSD.a:1m:pattern_break:buy:1790318760000 account=23011660
2026-09-25T16:47:07+10:00  order     RESULT ok=True retcode=10009 ticket=8938772 price=4277.66 comment='Request executed'
2026-09-25T17:11:02+10:00  order     SEND stop buy XAUUSD.a 0.01 lots @4276.99 sl=4273.53 tp=4281.45 signal=XAUUSD.a:1m:pattern_break:buy:1790319900000 account=23011660
2026-09-25T17:11:03+10:00  order     RESULT ok=True retcode=10009 ticket=8939231 price=0.0 comment='Request executed'
2026-09-25T17:15:18+10:00  order     SEND stop buy XAUUSD.a 0.01 lots @4276.67 sl=4255.78 tp=4318.45 signal=XAUUSD.a:3m:pattern_break:buy:1790320140000 account=23011660
2026-09-25T17:15:19+10:00  order     RESULT ok=True retcode=10009 ticket=8939271 price=0.0 comment='Request executed'
2026-09-25T18:44:29+10:00  order     MODIFY position=8938209 sl 4255.15 -> 4282.92
2026-09-25T18:44:29+10:00  order     MODIFY RESULT ok=True retcode=10009
2026-09-25T18:44:54+10:00  order     MODIFY position=8938209 sl 4282.92 -> 4288.35
2026-09-25T18:44:54+10:00  order     MODIFY RESULT ok=True retcode=10009
2026-09-25T19:03:35+10:00  order     MODIFY position=8939271 sl 4255.78 -> 4287.11
2026-09-25T19:03:35+10:00  order     MODIFY RESULT ok=True retcode=10009
2026-09-25T19:05:55+10:00  order     MODIFY position=8939271 sl 4287.11 -> 4294.56
2026-09-25T19:05:56+10:00  order     MODIFY RESULT ok=True retcode=10009
2026-09-25T19:41:55+10:00  order     SEND stop buy XAUUSD.a 0.01 lots @4297.61 sl=4289.09 tp=4316.73 signal=XAUUSD.a:3m:flag_continuation:buy:1790329140000 account=23011660
2026-09-25T19:41:56+10:00  order     RESULT ok=True retcode=10009 ticket=8942227 price=0.0 comment='Request executed'
2026-09-25T19:44:56+10:00  order     SEND stop buy XAUUSD.a 0.01 lots @4297.61 sl=4288.85 tp=4320.63 signal=XAUUSD.a:5m:flag_continuation:buy:1790329200000 account=23011660
2026-09-25T19:44:57+10:00  order     RESULT ok=True retcode=10009 ticket=8942266 price=0.0 comment='Request executed'
2026-09-25T19:45:26+10:00  order     CANCEL order=8942227
2026-09-25T19:45:26+10:00  order     CANCEL RESULT ok=True retcode=10009
2026-09-25T19:50:54+10:00  order     SEND market buy XAUUSD.a 0.01 lots @4292.2 sl=4287.31 tp=4298.05 signal=XAUUSD.a:3m:mtf_pullback:buy:1790329680000 account=23011660
2026-09-25T19:50:55+10:00  order     RESULT ok=True retcode=10009 ticket=8942306 price=4292.21 comment='Request executed'
2026-09-25T20:00:38+10:00  order     CANCEL order=8942266
2026-09-25T20:00:38+10:00  order     CANCEL RESULT ok=True retcode=10009
2026-09-25T20:05:33+10:00  order     MODIFY position=8942306 sl 4287.31 -> 4294.66
2026-09-25T20:05:33+10:00  order     MODIFY RESULT ok=True retcode=10009
2026-09-25T20:05:41+10:00  order     SEND market buy XAUUSD.a 0.01 lots @4298.02 sl=4288.93 tp=4320.63 signal=XAUUSD.a:5m:flag_continuation:buy:1790330400000 account=23011660
2026-09-25T20:05:41+10:00  order     RESULT ok=True retcode=10009 ticket=8942523 price=4298.15 comment='Request executed'
2026-09-25T20:06:06+10:00  order     SEND stop buy XAUUSD.a 0.01 lots @4298.42 sl=4291.67 tp=4309.88 signal=XAUUSD.a:3m:pattern_break:buy:1790330580000 account=23011660
2026-09-25T20:06:06+10:00  order     RESULT ok=True retcode=10009 ticket=8942538 price=0.0 comment='Request executed'
2026-09-25T20:13:36+10:00  order     MODIFY position=8942538 sl 4291.67 -> 4301.92
2026-09-25T20:13:36+10:00  order     MODIFY RESULT ok=True retcode=10009
2026-09-25T20:13:58+10:00  order     MODIFY position=8942523 sl 4288.93 -> 4302.76
2026-09-25T20:13:58+10:00  order     MODIFY RESULT ok=True retcode=10009
2026-09-25T20:14:53+10:00  order     MODIFY position=8942523 sl 4302.76 -> 4303.99
2026-09-25T20:14:54+10:00  order     MODIFY RESULT ok=True retcode=10009
2026-09-25T20:14:54+10:00  order     MODIFY position=8942538 sl 4301.92 -> 4305.02
2026-09-25T20:14:54+10:00  order     MODIFY RESULT ok=True retcode=10009
2026-09-25T20:38:57+10:00  order     SEND market buy XAUUSD.a 0.01 lots @4303.53 sl=4289.92 tp=4330.78 signal=XAUUSD.a:3m:mtf_pullback:buy:1790332560000 account=23011660
2026-09-25T20:38:57+10:00  order     RESULT ok=True retcode=10009 ticket=8943070 price=4303.56 comment='Request executed'
2026-09-25T21:59:56+10:00  order     SEND stop sell XAUUSD.a 0.01 lots @4301.72 sl=4320.89 tp=4263.38 signal=XAUUSD.a:15m:pattern_break:sell:1790335800000 account=23011660
2026-09-25T21:59:56+10:00  order     RESULT ok=True retcode=10009 ticket=8944152 price=0.0 comment='Request executed'
2026-09-25T22:31:46+10:00  order     SEND stop sell XAUUSD.a 0.01 lots @4297.83 sl=4320.02 tp=4255.81 signal=XAUUSD.a:30m:pattern_break:sell:1790337600000 account=23011660
2026-09-25T22:31:46+10:00  order     RESULT ok=True retcode=10009 ticket=8944885 price=0.0 comment='Request executed'
2026-09-25T23:25:47+10:00  order     MODIFY position=8944152 sl 4320.89 -> 4292.14
2026-09-25T23:25:47+10:00  order     MODIFY RESULT ok=True retcode=10009
2026-09-25T23:29:54+10:00  order     MODIFY position=8944152 sl 4292.14 -> 4285.24
2026-09-25T23:29:55+10:00  order     MODIFY RESULT ok=True retcode=10009
2026-09-25T23:29:55+10:00  order     SEND limit sell XAUUSD.a 0.01 lots @4295.92 sl=4311.54 tp=4264.68 signal=XAUUSD.a:3m:pattern_break:sell:1790341560000 account=23011660
2026-09-25T23:29:55+10:00  order     RESULT ok=True retcode=10009 ticket=8946256 price=0.0 comment='Request executed'
2026-09-25T23:30:14+10:00  order     MODIFY position=8944885 sl 4320.02 -> 4286.66
2026-09-25T23:30:14+10:00  order     MODIFY RESULT ok=True retcode=10009
2026-09-25T23:32:56+10:00  order     CANCEL order=8946256
2026-09-25T23:32:56+10:00  order     CANCEL RESULT ok=True retcode=10009
2026-09-25T23:44:54+10:00  order     MODIFY position=8944152 sl 4285.24 -> 4280.72
2026-09-25T23:44:54+10:00  order     MODIFY RESULT ok=True retcode=10009
2026-09-25T23:59:54+10:00  order     MODIFY position=8944885 sl 4286.66 -> 4283.84
2026-09-25T23:59:54+10:00  order     MODIFY RESULT ok=True retcode=10009
