2026-09-21T05:24:27+10:00  stop      bridge shutting down
2026-09-21T05:24:28+10:00  clock     server offset +10800000 ms (UTC+3.00h) confidence=measured from 5 tick(s)
2026-09-21T05:24:28+10:00  start     bridge on 127.0.0.1:8765 mock=False connected=True server=Pepperstone-MT5-Live01
2026-09-21T05:54:04+10:00  error     /bars ConnectionResetError: [WinError 10054] An existing connection was forcibly closed by the remote host
2026-09-21T07:56:16+10:00  error     /bars ConnectionAbortedError: [WinError 10053] An established connection was aborted by the software in your host machine
2026-09-21T07:56:16+10:00  error     /account ConnectionAbortedError: [WinError 10053] An established connection was aborted by the software in your host machine
2026-09-21T07:56:16+10:00  error     /account ConnectionAbortedError: [WinError 10053] An established connection was aborted by the software in your host machine
2026-09-21T07:56:16+10:00  error     /spec ConnectionAbortedError: [WinError 10053] An established connection was aborted by the software in your host machine
2026-09-21T07:56:16+10:00  error     /quotes ConnectionAbortedError: [WinError 10053] An established connection was aborted by the software in your host machine
2026-09-21T08:00:51+10:00  error     /bars ConnectionAbortedError: [WinError 10053] An established connection was aborted by the software in your host machine
2026-09-21T08:00:51+10:00  error     /account ConnectionAbortedError: [WinError 10053] An established connection was aborted by the software in your host machine
2026-09-21T08:00:51+10:00  error     /account ConnectionAbortedError: [WinError 10053] An established connection was aborted by the software in your host machine
2026-09-21T08:00:51+10:00  error     /account ConnectionAbortedError: [WinError 10053] An established connection was aborted by the software in your host machine
2026-09-21T08:00:52+10:00  error     /quotes ConnectionAbortedError: [WinError 10053] An established connection was aborted by the software in your host machine
2026-09-21T08:03:15+10:00  error     /bars ConnectionAbortedError: [WinError 10053] An established connection was aborted by the software in your host machine
2026-09-21T08:03:15+10:00  error     /quotes ConnectionAbortedError: [WinError 10053] An established connection was aborted by the software in your host machine
2026-09-21T08:03:15+10:00  error     /account ConnectionAbortedError: [WinError 10053] An established connection was aborted by the software in your host machine
2026-09-21T08:03:15+10:00  error     /account ConnectionAbortedError: [WinError 10053] An established connection was aborted by the software in your host machine
2026-09-21T08:03:15+10:00  error     /account ConnectionAbortedError: [WinError 10053] An established connection was aborted by the software in your host machine
2026-09-21T08:12:23+10:00  clock     server offset +10800000 ms (UTC+3.00h) confidence=measured from 5 tick(s)
2026-09-21T08:12:23+10:00  start     bridge on 127.0.0.1:8765 mock=False connected=True server=Pepperstone-MT5-Live01
2026-09-21T08:16:43+10:00  error     /bars ConnectionAbortedError: [WinError 10053] An established connection was aborted by the software in your host machine
2026-09-21T08:16:43+10:00  error     /bars ConnectionAbortedError: [WinError 10053] An established connection was aborted by the software in your host machine
2026-09-21T08:16:43+10:00  error     /quotes ConnectionAbortedError: [WinError 10053] An established connection was aborted by the software in your host machine
2026-09-21T08:16:43+10:00  error     /bars ConnectionAbortedError: [WinError 10053] An established connection was aborted by the software in your host machine
2026-09-21T08:16:43+10:00  error     /bars ConnectionAbortedError: [WinError 10053] An established connection was aborted by the software in your host machine
2026-09-21T08:16:43+10:00  error     /account ConnectionAbortedError: [WinError 10053] An established connection was aborted by the software in your host machine
2026-09-21T08:16:43+10:00  error     /quotes ConnectionAbortedError: [WinError 10053] An established connection was aborted by the software in your host machine
2026-09-21T11:57:25+10:00  error     /account RuntimeError: no account
2026-09-21T11:57:25+10:00  error     /account RuntimeError: no account
2026-09-21T12:17:27+10:00  clock     server offset +10800000 ms (UTC+3.00h) confidence=measured from 5 tick(s)
2026-09-21T12:17:27+10:00  start     bridge on 127.0.0.1:8765 mock=False connected=True server=Pepperstone-MT5-Live01
2026-09-21T12:52:15+10:00  clock     server offset +10800000 ms (UTC+3.00h) confidence=measured from 5 tick(s)
2026-09-21T12:52:15+10:00  start     bridge on 127.0.0.1:8765 mock=False connected=True server=Pepperstone-MT5-Live01
2026-09-21T12:55:14+10:00  stop      bridge shutting down
2026-09-21T12:55:54+10:00  clock     server offset +10800000 ms (UTC+3.00h) confidence=measured from 5 tick(s)
2026-09-21T12:55:54+10:00  start     bridge on 127.0.0.1:8765 mock=False connected=True server=Pepperstone-MT5-Live01
2026-09-21T12:55:54+10:00  start     EXECUTION ARMED demo_only=True max_lots=5.0
2026-09-21T12:58:57+10:00  stop      bridge shutting down
2026-09-21T13:05:17+10:00  clock     server offset +10800000 ms (UTC+3.00h) confidence=measured from 5 tick(s)
2026-09-21T13:05:17+10:00  start     bridge on 127.0.0.1:8765 mock=False connected=True server=Pepperstone-MT5-Live01
2026-09-21T13:06:13+10:00  clock     server offset +10800000 ms (UTC+3.00h) confidence=measured from 5 tick(s)
2026-09-21T13:06:13+10:00  start     bridge on 127.0.0.1:8765 mock=False connected=True server=Pepperstone-MT5-Live01
2026-09-21T13:06:34+10:00  stop      bridge shutting down
2026-09-21T13:12:16+10:00  error     /account RuntimeError: no account
2026-09-21T13:12:18+10:00  error     /account RuntimeError: no account
2026-09-21T13:12:18+10:00  error     /account RuntimeError: no account
2026-09-21T13:15:32+10:00  clock     server offset +10800000 ms (UTC+3.00h) confidence=measured from 5 tick(s)
2026-09-21T13:15:32+10:00  start     bridge on 127.0.0.1:8765 mock=False connected=True server=Pepperstone-MT5-Live01
2026-09-21T13:17:18+10:00  error     /account RuntimeError: no account
2026-09-21T13:17:19+10:00  stop      bridge shutting down
2026-09-21T13:17:26+10:00  clock     server offset +10800000 ms (UTC+3.00h) confidence=measured from 5 tick(s)
2026-09-21T13:17:26+10:00  start     bridge on 127.0.0.1:8765 mock=False connected=True server=ICMarketsAU-Demo
2026-09-21T13:37:55+10:00  error     /bars ConnectionAbortedError: [WinError 10053] An established connection was aborted by the software in your host machine
2026-09-21T13:37:55+10:00  error     /quotes ConnectionAbortedError: [WinError 10053] An established connection was aborted by the software in your host machine
2026-09-21T13:37:55+10:00  error     /bars ConnectionAbortedError: [WinError 10053] An established connection was aborted by the software in your host machine
2026-09-21T13:37:55+10:00  error     /account ConnectionAbortedError: [WinError 10053] An established connection was aborted by the software in your host machine
2026-09-21T13:37:55+10:00  error     /account ConnectionAbortedError: [WinError 10053] An established connection was aborted by the software in your host machine
2026-09-21T13:37:55+10:00  error     /symbols ConnectionAbortedError: [WinError 10053] An established connection was aborted by the software in your host machine
2026-09-21T14:55:11+10:00  stop      bridge shutting down
2026-09-21T14:55:59+10:00  clock     server offset +10800000 ms (UTC+3.00h) confidence=measured from 5 tick(s)
2026-09-21T14:55:59+10:00  start     bridge on 127.0.0.1:8765 mock=False connected=True server=Pepperstone-MT5-Live01
2026-09-21T14:55:59+10:00  start     EXECUTION ARMED demo_only=True max_lots=5.0
2026-09-21T14:56:34+10:00  error     /account RuntimeError: no account
2026-09-21T14:56:34+10:00  error     /account RuntimeError: no account
2026-09-21T14:56:36+10:00  stop      bridge shutting down
2026-09-21T14:57:00+10:00  clock     server offset +10800000 ms (UTC+3.00h) confidence=measured from 5 tick(s)
2026-09-21T14:57:00+10:00  start     bridge on 127.0.0.1:8765 mock=False connected=True server=ICMarketsAU-Demo
2026-09-21T14:57:01+10:00  start     EXECUTION ARMED demo_only=True max_lots=5.0
2026-09-21T15:00:51+10:00  error     /bars ConnectionAbortedError: [WinError 10053] An established connection was aborted by the software in your host machine
2026-09-21T15:01:05+10:00  error     /bars ConnectionAbortedError: [WinError 10053] An established connection was aborted by the software in your host machine
2026-09-21T15:01:05+10:00  error     /spec ConnectionAbortedError: [WinError 10053] An established connection was aborted by the software in your host machine
2026-09-21T15:01:05+10:00  error     /quotes ConnectionAbortedError: [WinError 10053] An established connection was aborted by the software in your host machine
2026-09-21T15:01:07+10:00  error     /bars ConnectionAbortedError: [WinError 10053] An established connection was aborted by the software in your host machine
2026-09-21T15:01:07+10:00  error     /health ConnectionAbortedError: [WinError 10053] An established connection was aborted by the software in your host machine
2026-09-21T15:01:07+10:00  error     /account ConnectionAbortedError: [WinError 10053] An established connection was aborted by the software in your host machine
2026-09-21T15:01:16+10:00  error     /bars ConnectionAbortedError: [WinError 10053] An established connection was aborted by the software in your host machine
2026-09-21T15:01:16+10:00  error     /quotes ConnectionAbortedError: [WinError 10053] An established connection was aborted by the software in your host machine
2026-09-21T15:01:21+10:00  stop      bridge shutting down
2026-09-21T15:01:30+10:00  clock     server offset +10800000 ms (UTC+3.00h) confidence=measured from 5 tick(s)
2026-09-21T15:01:30+10:00  start     bridge on 127.0.0.1:8765 mock=False connected=True server=ICMarketsAU-Demo
2026-09-21T15:01:41+10:00  error     /bars ConnectionAbortedError: [WinError 10053] An established connection was aborted by the software in your host machine
2026-09-21T15:01:48+10:00  error     /bars ConnectionAbortedError: [WinError 10053] An established connection was aborted by the software in your host machine
2026-09-21T15:01:57+10:00  error     /bars ConnectionAbortedError: [WinError 10053] An established connection was aborted by the software in your host machine
2026-09-21T15:01:57+10:00  error     /bars ConnectionAbortedError: [WinError 10053] An established connection was aborted by the software in your host machine
2026-09-21T15:01:57+10:00  error     /bars ConnectionAbortedError: [WinError 10053] An established connection was aborted by the software in your host machine
2026-09-21T15:01:57+10:00  error     /quotes ConnectionAbortedError: [WinError 10053] An established connection was aborted by the software in your host machine
2026-09-21T15:01:57+10:00  error     /quotes ConnectionAbortedError: [WinError 10053] An established connection was aborted by the software in your host machine
2026-09-21T15:02:04+10:00  error     /bars ConnectionAbortedError: [WinError 10053] An established connection was aborted by the software in your host machine
2026-09-21T15:02:04+10:00  error     /spec ConnectionAbortedError: [WinError 10053] An established connection was aborted by the software in your host machine
2026-09-21T15:02:04+10:00  error     /bars ConnectionAbortedError: [WinError 10053] An established connection was aborted by the software in your host machine
2026-09-21T15:02:04+10:00  error     /quotes ConnectionAbortedError: [WinError 10053] An established connection was aborted by the software in your host machine
2026-09-21T15:02:06+10:00  error     /account ConnectionAbortedError: [WinError 10053] An established connection was aborted by the software in your host machine
2026-09-21T15:02:06+10:00  error     /bars ConnectionAbortedError: [WinError 10053] An established connection was aborted by the software in your host machine
2026-09-21T15:02:06+10:00  error     /account ConnectionAbortedError: [WinError 10053] An established connection was aborted by the software in your host machine
2026-09-21T15:02:13+10:00  error     /bars ConnectionAbortedError: [WinError 10053] An established connection was aborted by the software in your host machine
2026-09-21T15:02:13+10:00  error     /quotes ConnectionAbortedError: [WinError 10053] An established connection was aborted by the software in your host machine
2026-09-21T15:02:13+10:00  error     /spec ConnectionAbortedError: [WinError 10053] An established connection was aborted by the software in your host machine
2026-09-21T15:02:13+10:00  error     /spec ConnectionAbortedError: [WinError 10053] An established connection was aborted by the software in your host machine
2026-09-21T15:02:14+10:00  error     /quotes ConnectionAbortedError: [WinError 10053] An established connection was aborted by the software in your host machine
2026-09-21T15:02:14+10:00  error     /bars ConnectionAbortedError: [WinError 10053] An established connection was aborted by the software in your host machine
2026-09-21T15:02:14+10:00  error     /bars ConnectionAbortedError: [WinError 10053] An established connection was aborted by the software in your host machine
2026-09-21T15:02:20+10:00  error     /bars ConnectionAbortedError: [WinError 10053] An established connection was aborted by the software in your host machine
2026-09-21T15:02:20+10:00  error     /quotes ConnectionAbortedError: [WinError 10053] An established connection was aborted by the software in your host machine
2026-09-21T15:02:23+10:00  error     /bars ConnectionAbortedError: [WinError 10053] An established connection was aborted by the software in your host machine
2026-09-21T15:02:23+10:00  error     /bars ConnectionAbortedError: [WinError 10053] An established connection was aborted by the software in your host machine
2026-09-21T15:02:23+10:00  error     /bars ConnectionAbortedError: [WinError 10053] An established connection was aborted by the software in your host machine
2026-09-21T15:02:23+10:00  error     /bars ConnectionAbortedError: [WinError 10053] An established connection was aborted by the software in your host machine
2026-09-21T15:02:23+10:00  error     /quotes ConnectionAbortedError: [WinError 10053] An established connection was aborted by the software in your host machine
2026-09-21T15:02:25+10:00  error     /bars ConnectionAbortedError: [WinError 10053] An established connection was aborted by the software in your host machine
2026-09-21T15:02:25+10:00  error     /quotes ConnectionAbortedError: [WinError 10053] An established connection was aborted by the software in your host machine
2026-09-21T15:02:31+10:00  error     /bars ConnectionAbortedError: [WinError 10053] An established connection was aborted by the software in your host machine
2026-09-21T15:02:34+10:00  error     /bars ConnectionAbortedError: [WinError 10053] An established connection was aborted by the software in your host machine
2026-09-21T15:02:34+10:00  error     /bars ConnectionAbortedError: [WinError 10053] An established connection was aborted by the software in your host machine
2026-09-21T15:02:34+10:00  error     /quotes ConnectionAbortedError: [WinError 10053] An established connection was aborted by the software in your host machine
2026-09-21T15:02:34+10:00  error     /quotes ConnectionAbortedError: [WinError 10053] An established connection was aborted by the software in your host machine
2026-09-21T15:02:34+10:00  error     /account ConnectionAbortedError: [WinError 10053] An established connection was aborted by the software in your host machine
2026-09-21T15:02:34+10:00  error     /account ConnectionAbortedError: [WinError 10053] An established connection was aborted by the software in your host machine
2026-09-21T15:02:39+10:00  error     /quotes ConnectionAbortedError: [WinError 10053] An established connection was aborted by the software in your host machine
2026-09-21T15:02:39+10:00  error     /bars ConnectionAbortedError: [WinError 10053] An established connection was aborted by the software in your host machine
2026-09-21T15:02:45+10:00  error     /bars ConnectionAbortedError: [WinError 10053] An established connection was aborted by the software in your host machine
2026-09-21T15:02:45+10:00  error     /positions ConnectionAbortedError: [WinError 10053] An established connection was aborted by the software in your host machine
2026-09-21T15:02:45+10:00  error     /account ConnectionAbortedError: [WinError 10053] An established connection was aborted by the software in your host machine
2026-09-21T15:02:45+10:00  error     /positions ConnectionAbortedError: [WinError 10053] An established connection was aborted by the software in your host machine
2026-09-21T15:02:45+10:00  error     /quotes ConnectionAbortedError: [WinError 10053] An established connection was aborted by the software in your host machine
2026-09-21T15:02:45+10:00  error     /quotes ConnectionAbortedError: [WinError 10053] An established connection was aborted by the software in your host machine
2026-09-21T15:02:45+10:00  error     /positions ConnectionAbortedError: [WinError 10053] An established connection was aborted by the software in your host machine
2026-09-21T15:02:51+10:00  error     /bars ConnectionAbortedError: [WinError 10053] An established connection was aborted by the software in your host machine
2026-09-21T15:02:54+10:00  error     /quotes ConnectionAbortedError: [WinError 10053] An established connection was aborted by the software in your host machine
2026-09-21T15:02:54+10:00  error     /bars ConnectionAbortedError: [WinError 10053] An established connection was aborted by the software in your host machine
2026-09-21T15:02:54+10:00  error     /bars ConnectionAbortedError: [WinError 10053] An established connection was aborted by the software in your host machine
2026-09-21T15:02:54+10:00  error     /bars ConnectionAbortedError: [WinError 10053] An established connection was aborted by the software in your host machine
2026-09-21T15:02:54+10:00  error     /deals ConnectionAbortedError: [WinError 10053] An established connection was aborted by the software in your host machine
2026-09-21T15:02:54+10:00  error     /quotes ConnectionAbortedError: [WinError 10053] An established connection was aborted by the software in your host machine
2026-09-21T15:02:58+10:00  error     /bars ConnectionAbortedError: [WinError 10053] An established connection was aborted by the software in your host machine
2026-09-21T15:02:58+10:00  error     /quotes ConnectionAbortedError: [WinError 10053] An established connection was aborted by the software in your host machine
2026-09-21T15:03:00+10:00  error     /bars ConnectionAbortedError: [WinError 10053] An established connection was aborted by the software in your host machine
2026-09-21T15:03:00+10:00  error     /spec ConnectionAbortedError: [WinError 10053] An established connection was aborted by the software in your host machine
2026-09-21T15:03:00+10:00  error     /health ConnectionAbortedError: [WinError 10053] An established connection was aborted by the software in your host machine
2026-09-21T15:03:02+10:00  error     /bars ConnectionAbortedError: [WinError 10053] An established connection was aborted by the software in your host machine
2026-09-21T15:03:04+10:00  error     /bars ConnectionAbortedError: [WinError 10053] An established connection was aborted by the software in your host machine
2026-09-21T15:03:04+10:00  error     /bars ConnectionAbortedError: [WinError 10053] An established connection was aborted by the software in your host machine
2026-09-21T15:03:04+10:00  error     /bars ConnectionAbortedError: [WinError 10053] An established connection was aborted by the software in your host machine
2026-09-21T15:03:08+10:00  error     /bars ConnectionAbortedError: [WinError 10053] An established connection was aborted by the software in your host machine
2026-09-21T15:03:14+10:00  error     /bars ConnectionAbortedError: [WinError 10053] An established connection was aborted by the software in your host machine
2026-09-21T15:03:16+10:00  error     /bars ConnectionAbortedError: [WinError 10053] An established connection was aborted by the software in your host machine
2026-09-21T15:03:16+10:00  error     /bars ConnectionAbortedError: [WinError 10053] An established connection was aborted by the software in your host machine
2026-09-21T15:03:16+10:00  error     /quotes ConnectionAbortedError: [WinError 10053] An established connection was aborted by the software in your host machine
2026-09-21T15:03:16+10:00  error     /quotes ConnectionAbortedError: [WinError 10053] An established connection was aborted by the software in your host machine
2026-09-21T15:03:16+10:00  error     /quotes ConnectionAbortedError: [WinError 10053] An established connection was aborted by the software in your host machine
2026-09-21T15:03:22+10:00  error     /bars ConnectionAbortedError: [WinError 10053] An established connection was aborted by the software in your host machine
2026-09-21T15:03:22+10:00  error     /spec ConnectionAbortedError: [WinError 10053] An established connection was aborted by the software in your host machine
2026-09-21T15:03:22+10:00  error     /positions ConnectionAbortedError: [WinError 10053] An established connection was aborted by the software in your host machine
2026-09-21T15:03:22+10:00  error     /quotes ConnectionAbortedError: [WinError 10053] An established connection was aborted by the software in your host machine
2026-09-21T15:03:24+10:00  error     /quotes ConnectionAbortedError: [WinError 10053] An established connection was aborted by the software in your host machine
2026-09-21T15:03:24+10:00  error     /bars ConnectionAbortedError: [WinError 10053] An established connection was aborted by the software in your host machine
2026-09-21T15:03:24+10:00  error     /quotes ConnectionAbortedError: [WinError 10053] An established connection was aborted by the software in your host machine
2026-09-21T15:03:34+10:00  error     /bars ConnectionAbortedError: [WinError 10053] An established connection was aborted by the software in your host machine
2026-09-21T15:03:34+10:00  error     /quotes ConnectionAbortedError: [WinError 10053] An established connection was aborted by the software in your host machine
2026-09-21T15:03:34+10:00  error     /account ConnectionAbortedError: [WinError 10053] An established connection was aborted by the software in your host machine
2026-09-21T15:03:34+10:00  error     /bars ConnectionAbortedError: [WinError 10053] An established connection was aborted by the software in your host machine
2026-09-21T15:03:34+10:00  error     /spec ConnectionAbortedError: [WinError 10053] An established connection was aborted by the software in your host machine
2026-09-21T15:03:34+10:00  error     /quotes ConnectionAbortedError: [WinError 10053] An established connection was aborted by the software in your host machine
2026-09-21T16:35:19+10:00  stop      bridge shutting down
2026-09-21T16:35:46+10:00  clock     server offset +10800000 ms (UTC+3.00h) confidence=measured from 5 tick(s)
2026-09-21T16:35:46+10:00  start     bridge on 127.0.0.1:8765 mock=False connected=True server=Pepperstone-MT5-Live01
2026-09-21T17:04:19+10:00  stop      bridge shutting down
2026-09-21T17:04:58+10:00  clock     server offset +10800000 ms (UTC+3.00h) confidence=measured from 5 tick(s)
2026-09-21T17:04:58+10:00  start     bridge on 127.0.0.1:8765 mock=False connected=True server=ICMarketsAU-Demo
2026-09-21T17:04:58+10:00  start     EXECUTION ARMED demo_only=True max_lots=5.0
2026-09-21T17:09:23+10:00  stop      bridge shutting down
2026-09-21T17:09:34+10:00  clock     server offset +10800000 ms (UTC+3.00h) confidence=measured from 5 tick(s)
2026-09-21T17:09:34+10:00  start     bridge on 127.0.0.1:8765 mock=False connected=True server=Pepperstone-MT5-Live01
2026-09-21T17:09:34+10:00  start     EXECUTION ARMED demo_only=True max_lots=5.0
2026-09-21T17:10:40+10:00  error     /account RuntimeError: no account
2026-09-21T17:10:41+10:00  error     /account RuntimeError: no account
2026-09-21T17:10:48+10:00  stop      bridge shutting down
2026-09-21T17:11:00+10:00  clock     server offset +10800000 ms (UTC+3.00h) confidence=measured from 5 tick(s)
2026-09-21T17:11:00+10:00  start     bridge on 127.0.0.1:8765 mock=False connected=True server=Pepperstone-MT5-Live01
2026-09-21T17:11:00+10:00  start     EXECUTION ARMED demo_only=True max_lots=5.0
2026-09-21T17:11:01+10:00  error     /calendar HTTPError: HTTP Error 429: Too Many Requests
2026-09-21T17:11:01+10:00  error     /calendar HTTPError: HTTP Error 429: Too Many Requests
2026-09-21T17:11:02+10:00  error     /calendar HTTPError: HTTP Error 429: Too Many Requests
2026-09-21T17:11:21+10:00  stop      bridge shutting down
2026-09-21T17:11:33+10:00  clock     server offset +10800000 ms (UTC+3.00h) confidence=measured from 5 tick(s)
2026-09-21T17:11:33+10:00  start     bridge on 127.0.0.1:8765 mock=False connected=True server=ICMarketsAU-Demo
2026-09-21T17:11:33+10:00  start     EXECUTION ARMED demo_only=True max_lots=5.0
2026-09-21T17:11:38+10:00  error     /calendar HTTPError: HTTP Error 429: Too Many Requests
2026-09-21T17:11:40+10:00  error     /calendar HTTPError: HTTP Error 429: Too Many Requests
2026-09-21T17:12:01+10:00  error     /calendar HTTPError: HTTP Error 429: Too Many Requests
2026-09-21T17:12:09+10:00  error     /calendar HTTPError: HTTP Error 429: Too Many Requests
2026-09-21T17:12:39+10:00  error     /calendar HTTPError: HTTP Error 429: Too Many Requests
2026-09-21T17:13:01+10:00  error     /calendar HTTPError: HTTP Error 429: Too Many Requests
2026-09-21T17:13:10+10:00  error     /calendar HTTPError: HTTP Error 429: Too Many Requests
2026-09-21T17:13:40+10:00  error     /calendar HTTPError: HTTP Error 429: Too Many Requests
2026-09-21T17:14:01+10:00  error     /calendar HTTPError: HTTP Error 429: Too Many Requests
2026-09-21T17:14:10+10:00  error     /calendar HTTPError: HTTP Error 429: Too Many Requests
2026-09-21T17:14:40+10:00  error     /calendar HTTPError: HTTP Error 429: Too Many Requests
2026-09-21T18:25:55+10:00  stop      bridge shutting down
2026-09-21T18:26:57+10:00  clock     server offset +10800000 ms (UTC+3.00h) confidence=measured from 5 tick(s)
2026-09-21T18:26:57+10:00  start     bridge on 127.0.0.1:8765 mock=False connected=True server=Pepperstone-MT5-Live01
2026-09-21T18:26:57+10:00  start     EXECUTION ARMED demo_only=True max_lots=0.03
2026-09-21T18:27:11+10:00  error     /health ConnectionAbortedError: [WinError 10053] An established connection was aborted by the software in your host machine
2026-09-21T18:27:11+10:00  error     /bars ConnectionAbortedError: [WinError 10053] An established connection was aborted by the software in your host machine
2026-09-21T18:27:11+10:00  error     /health ConnectionAbortedError: [WinError 10053] An established connection was aborted by the software in your host machine
2026-09-21T18:27:11+10:00  error     /spec ConnectionAbortedError: [WinError 10053] An established connection was aborted by the software in your host machine
2026-09-21T18:27:12+10:00  error     /bars ConnectionAbortedError: [WinError 10053] An established connection was aborted by the software in your host machine
2026-09-21T18:27:12+10:00  error     /quotes ConnectionAbortedError: [WinError 10053] An established connection was aborted by the software in your host machine
2026-09-21T18:28:40+10:00  clock     server offset +10800000 ms (UTC+3.00h) confidence=measured from 5 tick(s)
2026-09-21T18:28:40+10:00  start     bridge on 127.0.0.1:8765 mock=False connected=True server=ICMarketsAU-Demo
2026-09-21T18:28:40+10:00  start     EXECUTION ARMED demo_only=True max_lots=0.03
2026-09-21T18:29:06+10:00  order     SEND stop sell XAUUSD.a 0.01 lots @4342.81 sl=4406.29 tp=0.0 signal=XAUUSD.a:1h:pattern_break:sell:1789970400000 account=23011660
2026-09-21T18:29:07+10:00  order     RESULT ok=True retcode=10009 ticket=8818852 price=0.0 comment='Request executed'
2026-09-21T18:30:32+10:00  order     SEND market buy USDJPY.a 0.03 lots @157.137 sl=156.46 tp=0.0 signal=USDJPY.a:1h:pattern_break:buy:1789970400000 account=23011660
2026-09-21T18:30:32+10:00  order     RESULT ok=True retcode=10009 ticket=8818911 price=157.137 comment='Request executed'
2026-09-21T18:38:07+10:00  order     SEND limit buy USDJPY.a 0.03 lots @157.07 sl=156.559 tp=0.0 signal=USDJPY.a:15m:pattern_break:buy:1789973100000 account=23011660
2026-09-21T18:38:08+10:00  order     RESULT ok=True retcode=10009 ticket=8819097 price=0.0 comment='Request executed'
2026-09-21T18:39:19+10:00  order     SEND stop sell XAUUSD.a 0.03 lots @4349.64 sl=4368.86 tp=0.0 signal=XAUUSD.a:3m:pattern_break:sell:1789979760000 account=23011660
2026-09-21T18:39:19+10:00  order     RESULT ok=True retcode=10009 ticket=8819166 price=0.0 comment='Request executed'
2026-09-21T19:22:01+10:00  error     /bars ConnectionResetError: [WinError 10054] An existing connection was forcibly closed by the remote host
2026-09-21T19:23:34+10:00  clock     server offset +10800000 ms (UTC+3.00h) confidence=measured from 5 tick(s)
2026-09-21T19:23:34+10:00  start     bridge on 127.0.0.1:8765 mock=False connected=True server=ICMarketsAU-Demo
2026-09-21T19:26:44+10:00  clock     server offset +10800000 ms (UTC+3.00h) confidence=measured from 5 tick(s)
2026-09-21T19:26:44+10:00  start     bridge on 127.0.0.1:8765 mock=False connected=True server=ICMarketsAU-Demo
2026-09-21T19:26:44+10:00  start     EXECUTION ARMED demo_only=True max_lots=0.03
2026-09-21T19:45:02+10:00  order     SEND stop sell XAUUSD.a 0.01 lots @4342.81 sl=4406.25 tp=0.0 signal=XAUUSD.a:1h:pattern_break:sell:1789977600000 account=23011660
2026-09-21T19:45:02+10:00  order     RESULT ok=True retcode=10009 ticket=8820891 price=0.0 comment='Request executed'
2026-09-21T20:01:58+10:00  order     SEND stop sell XAUUSD.a 0.03 lots @4344.74 sl=4348.2 tp=0.0 signal=XAUUSD.a:1m:pattern_break:sell:1789984620000 account=23011660
2026-09-21T20:01:59+10:00  order     RESULT ok=True retcode=10009 ticket=8821107 price=0.0 comment='Request executed'
2026-09-21T20:02:20+10:00  order     SEND limit buy USDJPY.a 0.03 lots @157.11 sl=156.509 tp=0.0 signal=USDJPY.a:30m:pattern_break:buy:1789972200000 account=23011660
2026-09-21T20:02:21+10:00  order     RESULT ok=True retcode=10009 ticket=8821117 price=0.0 comment='Request executed'
2026-09-21T20:02:25+10:00  order     CANCEL order=8821107
2026-09-21T20:02:25+10:00  order     CANCEL RESULT ok=True retcode=10009
2026-09-21T20:15:39+10:00  order     SEND market sell XAUUSD.a 0.01 lots @4355.11 sl=4412.36 tp=0.0 signal=XAUUSD.a:4h:mtf_pullback:sell:1789966800000 account=23011660
2026-09-21T20:15:40+10:00  order     RESULT ok=True retcode=10009 ticket=8821583 price=4355.17 comment='Request executed'
2026-09-21T20:32:06+10:00  order     SEND market buy USDJPY.a 0.03 lots @157.206 sl=156.464 tp=0.0 signal=USDJPY.a:1h:pattern_break:buy:1789977600000 account=23011660
2026-09-21T20:32:06+10:00  order     RESULT ok=True retcode=10009 ticket=8821936 price=157.206 comment='Request executed'
2026-09-21T20:32:07+10:00  order     REFUSED an order was sent moments ago - throttled. Nothing was sent.
2026-09-21T20:32:23+10:00  order     CANCEL order=8819097
2026-09-21T20:32:24+10:00  order     CANCEL RESULT ok=True retcode=10009
2026-09-21T20:32:25+10:00  order     SEND limit sell USDJPY.a 0.03 lots @157.221 sl=157.32 tp=0.0 signal=USDJPY.a:15m:sweep_reversal:sell:1789985700000 account=23011660
2026-09-21T20:32:25+10:00  order     RESULT ok=True retcode=10009 ticket=8821938 price=0.0 comment='Request executed'
2026-09-21T20:32:39+10:00  order     SEND market sell XAUUSD.a 0.03 lots @4351.18 sl=4357.9 tp=0.0 signal=XAUUSD.a:5m:sweep_reversal:sell:1789986300000 account=23011660
2026-09-21T20:32:39+10:00  order     RESULT ok=True retcode=10009 ticket=8821939 price=4351.35 comment='Request executed'
2026-09-21T20:38:40+10:00  clock     server offset +10800000 ms (UTC+3.00h) confidence=measured from 5 tick(s)
2026-09-21T20:38:40+10:00  start     bridge on 127.0.0.1:8765 mock=False connected=True server=ICMarketsAU-Demo
2026-09-21T20:38:40+10:00  start     EXECUTION ARMED demo_only=True max_lots=0.03
2026-09-21T20:38:55+10:00  order     SEND market sell USDJPY.a 0.03 lots @157.189 sl=158.17 tp=0.0 signal=USDJPY.a:4h:breakout_retest:sell:1789966800000 account=23011660
2026-09-21T20:38:55+10:00  order     RESULT ok=True retcode=10009 ticket=8822034 price=157.189 comment='Request executed'
2026-09-21T20:58:30+10:00  order     SEND stop buy XAUUSD.a 0.03 lots @4350.95 sl=4338.93 tp=0.0 signal=XAUUSD.a:30m:sweep_reversal:buy:1789984800000 account=23011660
2026-09-21T20:58:30+10:00  order     RESULT ok=True retcode=10009 ticket=8822297 price=0.0 comment='Request executed'
2026-09-21T20:58:31+10:00  order     REFUSED an order was sent moments ago - throttled. Nothing was sent.
2026-09-21T20:59:04+10:00  order     SEND stop buy XAUUSD.a 0.03 lots @4348.42 sl=4341.34 tp=0.0 signal=XAUUSD.a:15m:sweep_reversal:buy:1789986600000 account=23011660
2026-09-21T20:59:04+10:00  order     RESULT ok=True retcode=10009 ticket=8822301 price=0.0 comment='Request executed'
2026-09-21T20:59:37+10:00  order     MODIFY position=8821939 sl 4357.9 -> 4348.08
2026-09-21T20:59:37+10:00  order     MODIFY RESULT ok=True retcode=10009
2026-09-21T21:00:00+10:00  order     MODIFY position=8821939 sl 4348.08 -> 4346.55
2026-09-21T21:00:00+10:00  order     MODIFY RESULT ok=True retcode=10009
2026-09-21T21:00:16+10:00  order     SEND limit sell XAUUSD.a 0.03 lots @4342.73 sl=4349.8 tp=0.0 signal=XAUUSD.a:3m:sweep_reversal:sell:1789988220000 account=23011660
2026-09-21T21:00:16+10:00  order     RESULT ok=True retcode=10009 ticket=8822363 price=0.0 comment='Request executed'
2026-09-21T21:01:00+10:00  order     CANCEL order=8822301
2026-09-21T21:01:00+10:00  order     CANCEL RESULT ok=True retcode=10009
2026-09-21T21:04:32+10:00  order     SEND stop sell XAUUSD.a 0.03 lots @4342.73 sl=4358.88 tp=0.0 signal=XAUUSD.a:15m:sweep_reversal:sell:1789987500000 account=23011660
2026-09-21T21:04:33+10:00  order     RESULT ok=True retcode=10009 ticket=8822469 price=0.0 comment='Request executed'
2026-09-21T21:04:58+10:00  order     MODIFY position=8821939 sl 4346.55 -> 4345.87
2026-09-21T21:04:58+10:00  order     MODIFY RESULT ok=True retcode=10009
2026-09-21T21:10:53+10:00  order     SEND stop sell XAUUSD.a 0.03 lots @4345.94 sl=4350.89 tp=0.0 signal=XAUUSD.a:5m:sweep_reversal:sell:1789988700000 account=23011660
2026-09-21T21:10:53+10:00  order     RESULT ok=True retcode=10009 ticket=8822565 price=0.0 comment='Request executed'
2026-09-21T21:16:01+10:00  order     SEND limit buy XAUUSD.a 0.03 lots @4348.33 sl=4340.89 tp=0.0 signal=XAUUSD.a:5m:sweep_reversal:buy:1789989000000 account=23011660
2026-09-21T21:16:01+10:00  order     RESULT ok=True retcode=10009 ticket=8822658 price=0.0 comment='Request executed'
2026-09-21T21:28:23+10:00  order     SEND stop sell XAUUSD.a 0.03 lots @4352.76 sl=4356.1 tp=0.0 signal=XAUUSD.a:3m:sweep_reversal:sell:1789989840000 account=23011660
2026-09-21T21:28:24+10:00  order     RESULT ok=True retcode=10009 ticket=8822961 price=0.0 comment='Request executed'
2026-09-21T21:31:19+10:00  order     CANCEL order=8822469
2026-09-21T21:31:19+10:00  order     CANCEL RESULT ok=True retcode=10009
2026-09-21T21:35:47+10:00  order     SEND limit buy XAUUSD.a 0.03 lots @4355.87 sl=4347.56 tp=0.0 signal=XAUUSD.a:3m:sweep_reversal:buy:1789990200000 account=23011660
2026-09-21T21:35:48+10:00  order     RESULT ok=True retcode=10009 ticket=8823268 price=0.0 comment='Request executed'
2026-09-21T21:36:42+10:00  order     SEND limit buy XAUUSD.a 0.03 lots @4353.76 sl=4345.75 tp=0.0 signal=XAUUSD.a:15m:false_break_fade:buy:1789989300000 account=23011660
2026-09-21T21:36:42+10:00  order     RESULT ok=True retcode=10009 ticket=8823298 price=0.0 comment='Request executed'
2026-09-21T22:12:00+10:00  order     SEND market sell XAUUSD.a 0.03 lots @4368.09 sl=4372.38 tp=0.0 signal=XAUUSD.a:3m:breakout_retest:sell:1789992540000 account=23011660
2026-09-21T22:12:00+10:00  order     RESULT ok=True retcode=10009 ticket=8824755 price=4368.08 comment='Request executed'
2026-09-21T22:19:58+10:00  order     SEND market buy XAUUSD.a 0.03 lots @4367.13 sl=4360.82 tp=0.0 signal=XAUUSD.a:5m:breakout_retest:buy:1789992900000 account=23011660
2026-09-21T22:19:59+10:00  order     RESULT ok=True retcode=10009 ticket=8824867 price=4367.12 comment='Request executed'
2026-09-21T22:20:15+10:00  order     MODIFY position=8824755 sl 4372.38 -> 4365.93
2026-09-21T22:20:15+10:00  order     MODIFY RESULT ok=True retcode=10009
2026-09-21T22:21:00+10:00  order     MODIFY position=8824755 sl 4365.93 -> 4364.51
2026-09-21T22:21:00+10:00  order     MODIFY RESULT ok=True retcode=10009
2026-09-21T22:23:59+10:00  order     MODIFY position=8824755 sl 4364.51 -> 4362.03
2026-09-21T22:23:59+10:00  order     MODIFY RESULT ok=True retcode=10009
2026-09-21T22:26:58+10:00  order     MODIFY position=8824755 sl 4362.03 -> 4358.24
2026-09-21T22:26:59+10:00  order     MODIFY RESULT ok=True retcode=10009
2026-09-21T22:27:23+10:00  order     SEND market sell XAUUSD.a 0.03 lots @4354.52 sl=4374.13 tp=0.0 signal=XAUUSD.a:3m:sweep_reversal:sell:1789993440000 account=23011660
2026-09-21T22:27:23+10:00  order     RESULT ok=True retcode=10009 ticket=8825245 price=4354.46 comment='Request executed'
2026-09-21T22:27:41+10:00  order     MODIFY position=8823298 sl 4345.75 -> 4352.46
2026-09-21T22:27:42+10:00  order     MODIFY RESULT ok=True retcode=10009
2026-09-21T22:28:28+10:00  order     SEND stop buy XAUUSD.a 0.03 lots @4355.07 sl=4339.69 tp=0.0 signal=XAUUSD.a:5m:pattern_break:buy:1789993200000 account=23011660
2026-09-21T22:28:29+10:00  order     RESULT ok=True retcode=10009 ticket=8825292 price=0.0 comment='Request executed'
2026-09-21T22:31:50+10:00  order     SEND market buy USDJPY.a 0.03 lots @157.342 sl=157.131 tp=0.0 signal=USDJPY.a:15m:pattern_break:buy:1789992900000 account=23011660
2026-09-21T22:31:51+10:00  order     RESULT ok=True retcode=10009 ticket=8825387 price=157.342 comment='Request executed'
2026-09-21T22:36:54+10:00  order     SEND stop buy XAUUSD.a 0.03 lots @4355.42 sl=4339.35 tp=4382.08 signal=XAUUSD.a:15m:sweep_reversal:buy:1789992900000 account=23011660
2026-09-21T22:36:54+10:00  order     RESULT ok=True retcode=10009 ticket=8825453 price=0.0 comment='Request executed'
2026-09-21T22:39:31+10:00  clock     server offset +10800000 ms (UTC+3.00h) confidence=measured from 5 tick(s)
2026-09-21T22:39:31+10:00  start     bridge on 127.0.0.1:8765 mock=False connected=True server=Pepperstone-MT5-Live01
2026-09-21T22:39:31+10:00  start     EXECUTION ARMED demo_only=True max_lots=0.03
2026-09-21T22:39:35+10:00  error     /calendar HTTPError: HTTP Error 429: Too Many Requests
2026-09-21T22:39:38+10:00  error     /calendar HTTPError: HTTP Error 429: Too Many Requests
2026-09-21T22:39:44+10:00  order     REFUSED account 51527502 is a LIVE account and the demo guard is on. Nothing was sent. Disable DEMO_ONLY in bridge/execution.py only when you intend to trade real money.
2026-09-21T22:40:01+10:00  error     /calendar HTTPError: HTTP Error 429: Too Many Requests
2026-09-21T22:40:08+10:00  error     /calendar HTTPError: HTTP Error 429: Too Many Requests
2026-09-21T22:40:16+10:00  order     REFUSED account 51527502 is a LIVE account and the demo guard is on. Nothing was sent. Disable DEMO_ONLY in bridge/execution.py only when you intend to trade real money.
2026-09-21T22:40:38+10:00  error     /calendar HTTPError: HTTP Error 429: Too Many Requests
2026-09-21T22:40:47+10:00  order     REFUSED account 51527502 is a LIVE account and the demo guard is on. Nothing was sent. Disable DEMO_ONLY in bridge/execution.py only when you intend to trade real money.
2026-09-21T22:41:01+10:00  error     /calendar HTTPError: HTTP Error 429: Too Many Requests
2026-09-21T22:41:08+10:00  error     /calendar HTTPError: HTTP Error 429: Too Many Requests
2026-09-21T22:41:19+10:00  order     REFUSED account 51527502 is a LIVE account and the demo guard is on. Nothing was sent. Disable DEMO_ONLY in bridge/execution.py only when you intend to trade real money.
2026-09-21T22:41:38+10:00  error     /calendar HTTPError: HTTP Error 429: Too Many Requests
2026-09-21T22:41:51+10:00  order     REFUSED account 51527502 is a LIVE account and the demo guard is on. Nothing was sent. Disable DEMO_ONLY in bridge/execution.py only when you intend to trade real money.
2026-09-21T22:42:01+10:00  error     /calendar HTTPError: HTTP Error 429: Too Many Requests
2026-09-21T22:42:08+10:00  error     /calendar HTTPError: HTTP Error 429: Too Many Requests
2026-09-21T22:42:22+10:00  order     REFUSED account 51527502 is a LIVE account and the demo guard is on. Nothing was sent. Disable DEMO_ONLY in bridge/execution.py only when you intend to trade real money.
2026-09-21T22:42:30+10:00  error     /calendar HTTPError: HTTP Error 429: Too Many Requests
2026-09-21T22:42:38+10:00  error     /calendar HTTPError: HTTP Error 429: Too Many Requests
2026-09-21T22:42:53+10:00  order     REFUSED account 51527502 is a LIVE account and the demo guard is on. Nothing was sent. Disable DEMO_ONLY in bridge/execution.py only when you intend to trade real money.
2026-09-21T22:43:01+10:00  error     /calendar HTTPError: HTTP Error 429: Too Many Requests
2026-09-21T22:43:08+10:00  error     /calendar HTTPError: HTTP Error 429: Too Many Requests
2026-09-21T22:43:24+10:00  order     REFUSED account 51527502 is a LIVE account and the demo guard is on. Nothing was sent. Disable DEMO_ONLY in bridge/execution.py only when you intend to trade real money.
2026-09-21T22:43:38+10:00  error     /calendar HTTPError: HTTP Error 429: Too Many Requests
2026-09-21T22:43:56+10:00  order     REFUSED account 51527502 is a LIVE account and the demo guard is on. Nothing was sent. Disable DEMO_ONLY in bridge/execution.py only when you intend to trade real money.
2026-09-21T22:44:01+10:00  error     /calendar HTTPError: HTTP Error 429: Too Many Requests
2026-09-21T22:44:08+10:00  error     /calendar HTTPError: HTTP Error 429: Too Many Requests
2026-09-21T22:44:27+10:00  order     REFUSED account 51527502 is a LIVE account and the demo guard is on. Nothing was sent. Disable DEMO_ONLY in bridge/execution.py only when you intend to trade real money.
2026-09-21T22:44:59+10:00  order     REFUSED account 51527502 is a LIVE account and the demo guard is on. Nothing was sent. Disable DEMO_ONLY in bridge/execution.py only when you intend to trade real money.
2026-09-21T22:45:31+10:00  order     REFUSED account 51527502 is a LIVE account and the demo guard is on. Nothing was sent. Disable DEMO_ONLY in bridge/execution.py only when you intend to trade real money.
2026-09-21T22:46:03+10:00  order     REFUSED account 51527502 is a LIVE account and the demo guard is on. Nothing was sent. Disable DEMO_ONLY in bridge/execution.py only when you intend to trade real money.
2026-09-21T22:46:35+10:00  order     REFUSED account 51527502 is a LIVE account and the demo guard is on. Nothing was sent. Disable DEMO_ONLY in bridge/execution.py only when you intend to trade real money.
2026-09-21T22:47:07+10:00  order     REFUSED account 51527502 is a LIVE account and the demo guard is on. Nothing was sent. Disable DEMO_ONLY in bridge/execution.py only when you intend to trade real money.
2026-09-21T22:47:39+10:00  order     REFUSED account 51527502 is a LIVE account and the demo guard is on. Nothing was sent. Disable DEMO_ONLY in bridge/execution.py only when you intend to trade real money.
2026-09-21T22:48:11+10:00  order     REFUSED account 51527502 is a LIVE account and the demo guard is on. Nothing was sent. Disable DEMO_ONLY in bridge/execution.py only when you intend to trade real money.
2026-09-21T22:48:44+10:00  order     REFUSED account 51527502 is a LIVE account and the demo guard is on. Nothing was sent. Disable DEMO_ONLY in bridge/execution.py only when you intend to trade real money.
2026-09-21T22:49:14+10:00  order     REFUSED account 51527502 is a LIVE account and the demo guard is on. Nothing was sent. Disable DEMO_ONLY in bridge/execution.py only when you intend to trade real money.
2026-09-21T22:49:45+10:00  order     REFUSED account 51527502 is a LIVE account and the demo guard is on. Nothing was sent. Disable DEMO_ONLY in bridge/execution.py only when you intend to trade real money.
2026-09-21T22:50:15+10:00  order     REFUSED account 51527502 is a LIVE account and the demo guard is on. Nothing was sent. Disable DEMO_ONLY in bridge/execution.py only when you intend to trade real money.
2026-09-21T22:50:45+10:00  order     REFUSED account 51527502 is a LIVE account and the demo guard is on. Nothing was sent. Disable DEMO_ONLY in bridge/execution.py only when you intend to trade real money.
2026-09-21T22:51:16+10:00  order     REFUSED account 51527502 is a LIVE account and the demo guard is on. Nothing was sent. Disable DEMO_ONLY in bridge/execution.py only when you intend to trade real money.
2026-09-21T22:51:47+10:00  order     REFUSED account 51527502 is a LIVE account and the demo guard is on. Nothing was sent. Disable DEMO_ONLY in bridge/execution.py only when you intend to trade real money.
2026-09-21T22:52:20+10:00  order     REFUSED account 51527502 is a LIVE account and the demo guard is on. Nothing was sent. Disable DEMO_ONLY in bridge/execution.py only when you intend to trade real money.
2026-09-21T22:52:51+10:00  order     REFUSED account 51527502 is a LIVE account and the demo guard is on. Nothing was sent. Disable DEMO_ONLY in bridge/execution.py only when you intend to trade real money.
2026-09-21T22:53:23+10:00  order     REFUSED account 51527502 is a LIVE account and the demo guard is on. Nothing was sent. Disable DEMO_ONLY in bridge/execution.py only when you intend to trade real money.
2026-09-21T22:53:56+10:00  order     REFUSED account 51527502 is a LIVE account and the demo guard is on. Nothing was sent. Disable DEMO_ONLY in bridge/execution.py only when you intend to trade real money.
2026-09-21T22:54:27+10:00  order     REFUSED account 51527502 is a LIVE account and the demo guard is on. Nothing was sent. Disable DEMO_ONLY in bridge/execution.py only when you intend to trade real money.
2026-09-21T22:54:50+10:00  error     /bars ConnectionResetError: [WinError 10054] An existing connection was forcibly closed by the remote host
2026-09-21T22:55:02+10:00  order     REFUSED account 51527502 is a LIVE account and the demo guard is on. Nothing was sent. Disable DEMO_ONLY in bridge/execution.py only when you intend to trade real money.
2026-09-21T22:55:32+10:00  order     REFUSED account 51527502 is a LIVE account and the demo guard is on. Nothing was sent. Disable DEMO_ONLY in bridge/execution.py only when you intend to trade real money.
2026-09-21T22:56:03+10:00  order     REFUSED account 51527502 is a LIVE account and the demo guard is on. Nothing was sent. Disable DEMO_ONLY in bridge/execution.py only when you intend to trade real money.
2026-09-21T22:56:34+10:00  order     REFUSED account 51527502 is a LIVE account and the demo guard is on. Nothing was sent. Disable DEMO_ONLY in bridge/execution.py only when you intend to trade real money.
2026-09-21T22:57:05+10:00  order     REFUSED account 51527502 is a LIVE account and the demo guard is on. Nothing was sent. Disable DEMO_ONLY in bridge/execution.py only when you intend to trade real money.
2026-09-21T22:57:36+10:00  order     REFUSED account 51527502 is a LIVE account and the demo guard is on. Nothing was sent. Disable DEMO_ONLY in bridge/execution.py only when you intend to trade real money.
2026-09-21T22:58:09+10:00  order     REFUSED account 51527502 is a LIVE account and the demo guard is on. Nothing was sent. Disable DEMO_ONLY in bridge/execution.py only when you intend to trade real money.
2026-09-21T22:58:41+10:00  order     REFUSED account 51527502 is a LIVE account and the demo guard is on. Nothing was sent. Disable DEMO_ONLY in bridge/execution.py only when you intend to trade real money.
2026-09-21T22:59:14+10:00  order     REFUSED account 51527502 is a LIVE account and the demo guard is on. Nothing was sent. Disable DEMO_ONLY in bridge/execution.py only when you intend to trade real money.
2026-09-21T22:59:45+10:00  order     REFUSED account 51527502 is a LIVE account and the demo guard is on. Nothing was sent. Disable DEMO_ONLY in bridge/execution.py only when you intend to trade real money.
2026-09-21T23:00:02+10:00  order     REFUSED account 51527502 is a LIVE account and the demo guard is on. Nothing was sent. Disable DEMO_ONLY in bridge/execution.py only when you intend to trade real money.
2026-09-21T23:00:02+10:00  order     REFUSED account 51527502 is a LIVE account and the demo guard is on. Nothing was sent. Disable DEMO_ONLY in bridge/execution.py only when you intend to trade real money.
2026-09-21T23:00:16+10:00  order     REFUSED account 51527502 is a LIVE account and the demo guard is on. Nothing was sent. Disable DEMO_ONLY in bridge/execution.py only when you intend to trade real money.
2026-09-21T23:00:33+10:00  order     REFUSED account 51527502 is a LIVE account and the demo guard is on. Nothing was sent. Disable DEMO_ONLY in bridge/execution.py only when you intend to trade real money.
2026-09-21T23:00:33+10:00  order     REFUSED account 51527502 is a LIVE account and the demo guard is on. Nothing was sent. Disable DEMO_ONLY in bridge/execution.py only when you intend to trade real money.
2026-09-21T23:00:47+10:00  order     REFUSED account 51527502 is a LIVE account and the demo guard is on. Nothing was sent. Disable DEMO_ONLY in bridge/execution.py only when you intend to trade real money.
2026-09-21T23:01:04+10:00  order     REFUSED account 51527502 is a LIVE account and the demo guard is on. Nothing was sent. Disable DEMO_ONLY in bridge/execution.py only when you intend to trade real money.
2026-09-21T23:01:04+10:00  order     REFUSED account 51527502 is a LIVE account and the demo guard is on. Nothing was sent. Disable DEMO_ONLY in bridge/execution.py only when you intend to trade real money.
2026-09-21T23:01:18+10:00  order     REFUSED account 51527502 is a LIVE account and the demo guard is on. Nothing was sent. Disable DEMO_ONLY in bridge/execution.py only when you intend to trade real money.
2026-09-21T23:01:34+10:00  order     REFUSED account 51527502 is a LIVE account and the demo guard is on. Nothing was sent. Disable DEMO_ONLY in bridge/execution.py only when you intend to trade real money.
2026-09-21T23:01:34+10:00  order     REFUSED account 51527502 is a LIVE account and the demo guard is on. Nothing was sent. Disable DEMO_ONLY in bridge/execution.py only when you intend to trade real money.
2026-09-21T23:01:51+10:00  order     REFUSED account 51527502 is a LIVE account and the demo guard is on. Nothing was sent. Disable DEMO_ONLY in bridge/execution.py only when you intend to trade real money.
2026-09-21T23:02:05+10:00  order     REFUSED account 51527502 is a LIVE account and the demo guard is on. Nothing was sent. Disable DEMO_ONLY in bridge/execution.py only when you intend to trade real money.
2026-09-21T23:02:05+10:00  order     REFUSED account 51527502 is a LIVE account and the demo guard is on. Nothing was sent. Disable DEMO_ONLY in bridge/execution.py only when you intend to trade real money.
2026-09-21T23:02:21+10:00  order     REFUSED account 51527502 is a LIVE account and the demo guard is on. Nothing was sent. Disable DEMO_ONLY in bridge/execution.py only when you intend to trade real money.
2026-09-21T23:02:35+10:00  order     REFUSED account 51527502 is a LIVE account and the demo guard is on. Nothing was sent. Disable DEMO_ONLY in bridge/execution.py only when you intend to trade real money.
2026-09-21T23:02:35+10:00  order     REFUSED account 51527502 is a LIVE account and the demo guard is on. Nothing was sent. Disable DEMO_ONLY in bridge/execution.py only when you intend to trade real money.
2026-09-21T23:02:52+10:00  order     REFUSED account 51527502 is a LIVE account and the demo guard is on. Nothing was sent. Disable DEMO_ONLY in bridge/execution.py only when you intend to trade real money.
2026-09-21T23:03:07+10:00  order     REFUSED account 51527502 is a LIVE account and the demo guard is on. Nothing was sent. Disable DEMO_ONLY in bridge/execution.py only when you intend to trade real money.
2026-09-21T23:03:07+10:00  order     REFUSED account 51527502 is a LIVE account and the demo guard is on. Nothing was sent. Disable DEMO_ONLY in bridge/execution.py only when you intend to trade real money.
2026-09-21T23:03:24+10:00  order     REFUSED account 51527502 is a LIVE account and the demo guard is on. Nothing was sent. Disable DEMO_ONLY in bridge/execution.py only when you intend to trade real money.
2026-09-21T23:03:40+10:00  order     REFUSED account 51527502 is a LIVE account and the demo guard is on. Nothing was sent. Disable DEMO_ONLY in bridge/execution.py only when you intend to trade real money.
2026-09-21T23:03:40+10:00  order     REFUSED account 51527502 is a LIVE account and the demo guard is on. Nothing was sent. Disable DEMO_ONLY in bridge/execution.py only when you intend to trade real money.
2026-09-21T23:03:54+10:00  order     REFUSED account 51527502 is a LIVE account and the demo guard is on. Nothing was sent. Disable DEMO_ONLY in bridge/execution.py only when you intend to trade real money.
2026-09-21T23:04:10+10:00  order     REFUSED account 51527502 is a LIVE account and the demo guard is on. Nothing was sent. Disable DEMO_ONLY in bridge/execution.py only when you intend to trade real money.
2026-09-21T23:04:11+10:00  order     REFUSED account 51527502 is a LIVE account and the demo guard is on. Nothing was sent. Disable DEMO_ONLY in bridge/execution.py only when you intend to trade real money.
2026-09-21T23:04:25+10:00  order     REFUSED account 51527502 is a LIVE account and the demo guard is on. Nothing was sent. Disable DEMO_ONLY in bridge/execution.py only when you intend to trade real money.
2026-09-21T23:04:42+10:00  order     REFUSED account 51527502 is a LIVE account and the demo guard is on. Nothing was sent. Disable DEMO_ONLY in bridge/execution.py only when you intend to trade real money.
2026-09-21T23:04:42+10:00  order     REFUSED account 51527502 is a LIVE account and the demo guard is on. Nothing was sent. Disable DEMO_ONLY in bridge/execution.py only when you intend to trade real money.
2026-09-21T23:04:56+10:00  order     REFUSED account 51527502 is a LIVE account and the demo guard is on. Nothing was sent. Disable DEMO_ONLY in bridge/execution.py only when you intend to trade real money.
2026-09-21T23:05:13+10:00  order     REFUSED account 51527502 is a LIVE account and the demo guard is on. Nothing was sent. Disable DEMO_ONLY in bridge/execution.py only when you intend to trade real money.
2026-09-21T23:05:13+10:00  order     REFUSED account 51527502 is a LIVE account and the demo guard is on. Nothing was sent. Disable DEMO_ONLY in bridge/execution.py only when you intend to trade real money.
2026-09-21T23:05:27+10:00  order     REFUSED account 51527502 is a LIVE account and the demo guard is on. Nothing was sent. Disable DEMO_ONLY in bridge/execution.py only when you intend to trade real money.
2026-09-21T23:05:43+10:00  order     REFUSED account 51527502 is a LIVE account and the demo guard is on. Nothing was sent. Disable DEMO_ONLY in bridge/execution.py only when you intend to trade real money.
2026-09-21T23:05:43+10:00  order     REFUSED account 51527502 is a LIVE account and the demo guard is on. Nothing was sent. Disable DEMO_ONLY in bridge/execution.py only when you intend to trade real money.
2026-09-21T23:05:57+10:00  order     REFUSED account 51527502 is a LIVE account and the demo guard is on. Nothing was sent. Disable DEMO_ONLY in bridge/execution.py only when you intend to trade real money.
2026-09-21T23:06:14+10:00  order     REFUSED account 51527502 is a LIVE account and the demo guard is on. Nothing was sent. Disable DEMO_ONLY in bridge/execution.py only when you intend to trade real money.
2026-09-21T23:06:14+10:00  order     REFUSED account 51527502 is a LIVE account and the demo guard is on. Nothing was sent. Disable DEMO_ONLY in bridge/execution.py only when you intend to trade real money.
2026-09-21T23:06:27+10:00  order     REFUSED account 51527502 is a LIVE account and the demo guard is on. Nothing was sent. Disable DEMO_ONLY in bridge/execution.py only when you intend to trade real money.
2026-09-21T23:06:39+10:00  order     REFUSED account 51527502 is a LIVE account and the demo guard is on. Nothing was sent. Disable DEMO_ONLY in bridge/execution.py only when you intend to trade real money.
2026-09-21T23:06:45+10:00  order     REFUSED account 51527502 is a LIVE account and the demo guard is on. Nothing was sent. Disable DEMO_ONLY in bridge/execution.py only when you intend to trade real money.
2026-09-21T23:06:45+10:00  order     REFUSED account 51527502 is a LIVE account and the demo guard is on. Nothing was sent. Disable DEMO_ONLY in bridge/execution.py only when you intend to trade real money.
2026-09-21T23:06:59+10:00  order     REFUSED account 51527502 is a LIVE account and the demo guard is on. Nothing was sent. Disable DEMO_ONLY in bridge/execution.py only when you intend to trade real money.
2026-09-21T23:07:10+10:00  order     REFUSED account 51527502 is a LIVE account and the demo guard is on. Nothing was sent. Disable DEMO_ONLY in bridge/execution.py only when you intend to trade real money.
2026-09-21T23:07:15+10:00  order     REFUSED account 51527502 is a LIVE account and the demo guard is on. Nothing was sent. Disable DEMO_ONLY in bridge/execution.py only when you intend to trade real money.
2026-09-21T23:07:15+10:00  order     REFUSED account 51527502 is a LIVE account and the demo guard is on. Nothing was sent. Disable DEMO_ONLY in bridge/execution.py only when you intend to trade real money.
2026-09-21T23:07:29+10:00  order     REFUSED account 51527502 is a LIVE account and the demo guard is on. Nothing was sent. Disable DEMO_ONLY in bridge/execution.py only when you intend to trade real money.
2026-09-21T23:07:48+10:00  order     REFUSED account 51527502 is a LIVE account and the demo guard is on. Nothing was sent. Disable DEMO_ONLY in bridge/execution.py only when you intend to trade real money.
2026-09-21T23:07:48+10:00  order     REFUSED account 51527502 is a LIVE account and the demo guard is on. Nothing was sent. Disable DEMO_ONLY in bridge/execution.py only when you intend to trade real money.
2026-09-21T23:08:00+10:00  order     REFUSED account 51527502 is a LIVE account and the demo guard is on. Nothing was sent. Disable DEMO_ONLY in bridge/execution.py only when you intend to trade real money.
2026-09-21T23:08:19+10:00  order     REFUSED account 51527502 is a LIVE account and the demo guard is on. Nothing was sent. Disable DEMO_ONLY in bridge/execution.py only when you intend to trade real money.
2026-09-21T23:08:19+10:00  order     REFUSED account 51527502 is a LIVE account and the demo guard is on. Nothing was sent. Disable DEMO_ONLY in bridge/execution.py only when you intend to trade real money.
2026-09-21T23:08:30+10:00  order     REFUSED account 51527502 is a LIVE account and the demo guard is on. Nothing was sent. Disable DEMO_ONLY in bridge/execution.py only when you intend to trade real money.
2026-09-21T23:08:50+10:00  order     REFUSED account 51527502 is a LIVE account and the demo guard is on. Nothing was sent. Disable DEMO_ONLY in bridge/execution.py only when you intend to trade real money.
2026-09-21T23:08:50+10:00  order     REFUSED account 51527502 is a LIVE account and the demo guard is on. Nothing was sent. Disable DEMO_ONLY in bridge/execution.py only when you intend to trade real money.
2026-09-21T23:09:01+10:00  order     REFUSED account 51527502 is a LIVE account and the demo guard is on. Nothing was sent. Disable DEMO_ONLY in bridge/execution.py only when you intend to trade real money.
2026-09-21T23:09:21+10:00  order     REFUSED account 51527502 is a LIVE account and the demo guard is on. Nothing was sent. Disable DEMO_ONLY in bridge/execution.py only when you intend to trade real money.
2026-09-21T23:09:21+10:00  order     REFUSED account 51527502 is a LIVE account and the demo guard is on. Nothing was sent. Disable DEMO_ONLY in bridge/execution.py only when you intend to trade real money.
2026-09-21T23:09:32+10:00  order     REFUSED account 51527502 is a LIVE account and the demo guard is on. Nothing was sent. Disable DEMO_ONLY in bridge/execution.py only when you intend to trade real money.
2026-09-21T23:09:51+10:00  order     REFUSED account 51527502 is a LIVE account and the demo guard is on. Nothing was sent. Disable DEMO_ONLY in bridge/execution.py only when you intend to trade real money.
2026-09-21T23:09:51+10:00  order     REFUSED account 51527502 is a LIVE account and the demo guard is on. Nothing was sent. Disable DEMO_ONLY in bridge/execution.py only when you intend to trade real money.
2026-09-21T23:10:02+10:00  order     REFUSED account 51527502 is a LIVE account and the demo guard is on. Nothing was sent. Disable DEMO_ONLY in bridge/execution.py only when you intend to trade real money.
2026-09-21T23:10:22+10:00  order     REFUSED account 51527502 is a LIVE account and the demo guard is on. Nothing was sent. Disable DEMO_ONLY in bridge/execution.py only when you intend to trade real money.
2026-09-21T23:10:22+10:00  order     REFUSED account 51527502 is a LIVE account and the demo guard is on. Nothing was sent. Disable DEMO_ONLY in bridge/execution.py only when you intend to trade real money.
2026-09-21T23:10:34+10:00  order     REFUSED account 51527502 is a LIVE account and the demo guard is on. Nothing was sent. Disable DEMO_ONLY in bridge/execution.py only when you intend to trade real money.
2026-09-21T23:10:54+10:00  order     REFUSED account 51527502 is a LIVE account and the demo guard is on. Nothing was sent. Disable DEMO_ONLY in bridge/execution.py only when you intend to trade real money.
2026-09-21T23:10:54+10:00  order     REFUSED account 51527502 is a LIVE account and the demo guard is on. Nothing was sent. Disable DEMO_ONLY in bridge/execution.py only when you intend to trade real money.
2026-09-21T23:11:05+10:00  order     REFUSED account 51527502 is a LIVE account and the demo guard is on. Nothing was sent. Disable DEMO_ONLY in bridge/execution.py only when you intend to trade real money.
2026-09-21T23:11:07+10:00  error     /account RuntimeError: no account
