2026-09-23T00:22:32+10:00  order     REFUSED account 51527502 is a LIVE account and the demo guard is on. Nothing was sent. Disable DEMO_ONLY in bridge/execution.py only when you intend to trade real money.
2026-09-23T00:22:33+10:00  order     REFUSED account 51527502 is a LIVE account and the demo guard is on. Nothing was sent. Disable DEMO_ONLY in bridge/execution.py only when you intend to trade real money.
2026-09-23T00:22:33+10:00  order     REFUSED account 51527502 is a LIVE account and the demo guard is on. Nothing was sent. Disable DEMO_ONLY in bridge/execution.py only when you intend to trade real money.
2026-09-23T00:23:04+10:00  order     REFUSED account 51527502 is a LIVE account and the demo guard is on. Nothing was sent. Disable DEMO_ONLY in bridge/execution.py only when you intend to trade real money.
2026-09-23T00:23:04+10:00  order     REFUSED account 51527502 is a LIVE account and the demo guard is on. Nothing was sent. Disable DEMO_ONLY in bridge/execution.py only when you intend to trade real money.
2026-09-23T00:23:04+10:00  order     REFUSED account 51527502 is a LIVE account and the demo guard is on. Nothing was sent. Disable DEMO_ONLY in bridge/execution.py only when you intend to trade real money.
2026-09-23T00:23:34+10:00  order     REFUSED account 51527502 is a LIVE account and the demo guard is on. Nothing was sent. Disable DEMO_ONLY in bridge/execution.py only when you intend to trade real money.
2026-09-23T00:23:35+10:00  order     REFUSED account 51527502 is a LIVE account and the demo guard is on. Nothing was sent. Disable DEMO_ONLY in bridge/execution.py only when you intend to trade real money.
2026-09-23T00:23:58+10:00  order     REFUSED account 51527502 is a LIVE account and the demo guard is on. Nothing was sent. Disable DEMO_ONLY in bridge/execution.py only when you intend to trade real money.
2026-09-23T00:24:06+10:00  order     REFUSED account 51527502 is a LIVE account and the demo guard is on. Nothing was sent. Disable DEMO_ONLY in bridge/execution.py only when you intend to trade real money.
2026-09-23T00:24:06+10:00  order     REFUSED account 51527502 is a LIVE account and the demo guard is on. Nothing was sent. Disable DEMO_ONLY in bridge/execution.py only when you intend to trade real money.
2026-09-23T00:24:28+10:00  order     REFUSED account 51527502 is a LIVE account and the demo guard is on. Nothing was sent. Disable DEMO_ONLY in bridge/execution.py only when you intend to trade real money.
2026-09-23T00:24:37+10:00  order     REFUSED account 51527502 is a LIVE account and the demo guard is on. Nothing was sent. Disable DEMO_ONLY in bridge/execution.py only when you intend to trade real money.
2026-09-23T00:24:37+10:00  order     REFUSED account 51527502 is a LIVE account and the demo guard is on. Nothing was sent. Disable DEMO_ONLY in bridge/execution.py only when you intend to trade real money.
2026-09-23T00:25:00+10:00  order     REFUSED account 51527502 is a LIVE account and the demo guard is on. Nothing was sent. Disable DEMO_ONLY in bridge/execution.py only when you intend to trade real money.
2026-09-23T00:25:09+10:00  order     REFUSED account 51527502 is a LIVE account and the demo guard is on. Nothing was sent. Disable DEMO_ONLY in bridge/execution.py only when you intend to trade real money.
2026-09-23T00:25:09+10:00  order     REFUSED account 51527502 is a LIVE account and the demo guard is on. Nothing was sent. Disable DEMO_ONLY in bridge/execution.py only when you intend to trade real money.
2026-09-23T00:25:31+10:00  order     REFUSED account 51527502 is a LIVE account and the demo guard is on. Nothing was sent. Disable DEMO_ONLY in bridge/execution.py only when you intend to trade real money.
2026-09-23T00:25:40+10:00  order     REFUSED account 51527502 is a LIVE account and the demo guard is on. Nothing was sent. Disable DEMO_ONLY in bridge/execution.py only when you intend to trade real money.
2026-09-23T00:25:40+10:00  order     REFUSED account 51527502 is a LIVE account and the demo guard is on. Nothing was sent. Disable DEMO_ONLY in bridge/execution.py only when you intend to trade real money.
2026-09-23T00:26:02+10:00  order     REFUSED account 51527502 is a LIVE account and the demo guard is on. Nothing was sent. Disable DEMO_ONLY in bridge/execution.py only when you intend to trade real money.
2026-09-23T00:26:11+10:00  order     REFUSED account 51527502 is a LIVE account and the demo guard is on. Nothing was sent. Disable DEMO_ONLY in bridge/execution.py only when you intend to trade real money.
2026-09-23T00:26:11+10:00  order     REFUSED account 51527502 is a LIVE account and the demo guard is on. Nothing was sent. Disable DEMO_ONLY in bridge/execution.py only when you intend to trade real money.
2026-09-23T00:26:33+10:00  order     REFUSED account 51527502 is a LIVE account and the demo guard is on. Nothing was sent. Disable DEMO_ONLY in bridge/execution.py only when you intend to trade real money.
2026-09-23T00:26:41+10:00  order     REFUSED account 51527502 is a LIVE account and the demo guard is on. Nothing was sent. Disable DEMO_ONLY in bridge/execution.py only when you intend to trade real money.
2026-09-23T00:27:13+10:00  order     REFUSED account 51527502 is a LIVE account and the demo guard is on. Nothing was sent. Disable DEMO_ONLY in bridge/execution.py only when you intend to trade real money.
2026-09-23T00:27:19+10:00  order     REFUSED account 51527502 is a LIVE account and the demo guard is on. Nothing was sent. Disable DEMO_ONLY in bridge/execution.py only when you intend to trade real money.
2026-09-23T00:27:44+10:00  order     REFUSED account 51527502 is a LIVE account and the demo guard is on. Nothing was sent. Disable DEMO_ONLY in bridge/execution.py only when you intend to trade real money.
2026-09-23T00:30:28+10:00  order     REFUSED account 51527502 is a LIVE account and the demo guard is on. Nothing was sent. Disable DEMO_ONLY in bridge/execution.py only when you intend to trade real money.
2026-09-23T00:31:17+10:00  order     REFUSED account 51527502 is a LIVE account and the demo guard is on. Nothing was sent. Disable DEMO_ONLY in bridge/execution.py only when you intend to trade real money.
2026-09-23T07:31:50+10:00  clock     server offset +10800000 ms (UTC+3.00h) confidence=measured from 5 tick(s)
2026-09-23T07:31:50+10:00  start     bridge on 127.0.0.1:8765 mock=False connected=True server=ICMarketsAU-Demo
2026-09-23T07:32:00+10:00  clock     server offset +10800000 ms (UTC+3.00h) confidence=measured from 5 tick(s)
2026-09-23T07:32:00+10:00  start     bridge on 127.0.0.1:8765 mock=False connected=True server=ICMarketsAU-Demo
2026-09-23T07:32:00+10:00  start     EXECUTION ARMED demo_only=True max_lots=0.05
2026-09-23T07:50:43+10:00  error     /bars ConnectionAbortedError: [WinError 10053] An established connection was aborted by the software in your host machine
2026-09-23T07:50:43+10:00  error     /bars ConnectionAbortedError: [WinError 10053] An established connection was aborted by the software in your host machine
2026-09-23T07:50:43+10:00  error     /bars ConnectionAbortedError: [WinError 10053] An established connection was aborted by the software in your host machine
2026-09-23T07:50:43+10:00  error     /health ConnectionAbortedError: [WinError 10053] An established connection was aborted by the software in your host machine
2026-09-23T07:50:43+10:00  error     /bars ConnectionAbortedError: [WinError 10053] An established connection was aborted by the software in your host machine
2026-09-23T07:50:43+10:00  error     /quotes ConnectionAbortedError: [WinError 10053] An established connection was aborted by the software in your host machine
2026-09-23T07:51:33+10:00  error     /bars ConnectionAbortedError: [WinError 10053] An established connection was aborted by the software in your host machine
2026-09-23T07:51:33+10:00  error     /positions ConnectionAbortedError: [WinError 10053] An established connection was aborted by the software in your host machine
2026-09-23T07:51:33+10:00  error     /orders ConnectionAbortedError: [WinError 10053] An established connection was aborted by the software in your host machine
2026-09-23T07:51:34+10:00  error     /health ConnectionAbortedError: [WinError 10053] An established connection was aborted by the software in your host machine
2026-09-23T07:51:34+10:00  error     /account ConnectionAbortedError: [WinError 10053] An established connection was aborted by the software in your host machine
2026-09-23T07:51:34+10:00  error     /bars ConnectionAbortedError: [WinError 10053] An established connection was aborted by the software in your host machine
2026-09-23T07:51:34+10:00  error     /quotes ConnectionAbortedError: [WinError 10053] An established connection was aborted by the software in your host machine
2026-09-23T08:02:24+10:00  order     SEND market buy USDJPY.a 0.01 lots @157.366 sl=157.133 tp=157.747 signal=USDJPY.a:1h:sweep_reversal:buy:1790110800000 account=23011660
2026-09-23T08:02:25+10:00  order     RESULT ok=True retcode=10009 ticket=8861831 price=157.366 comment='Request executed'
2026-09-23T08:07:35+10:00  error     /health ConnectionAbortedError: [WinError 10053] An established connection was aborted by the software in your host machine
2026-09-23T09:02:34+10:00  order     SEND limit buy XAUUSD.a 0.01 lots @4362.29 sl=4360.21 tp=4365.43 signal=XAUUSD.a:3m:sweep_reversal:buy:1790117820000 account=23011660
2026-09-23T09:02:35+10:00  order     RESULT ok=True retcode=10009 ticket=8862577 price=0.0 comment='Request executed'
2026-09-23T09:11:27+10:00  error     /health ConnectionAbortedError: [WinError 10053] An established connection was aborted by the software in your host machine
2026-09-23T09:11:31+10:00  error     /health ConnectionAbortedError: [WinError 10053] An established connection was aborted by the software in your host machine
2026-09-23T09:11:37+10:00  error     /deals ConnectionAbortedError: [WinError 10053] An established connection was aborted by the software in your host machine
2026-09-23T09:11:37+10:00  error     /spec ConnectionAbortedError: [WinError 10053] An established connection was aborted by the software in your host machine
2026-09-23T09:11:37+10:00  error     /bars ConnectionAbortedError: [WinError 10053] An established connection was aborted by the software in your host machine
2026-09-23T09:11:37+10:00  error     /spec ConnectionAbortedError: [WinError 10053] An established connection was aborted by the software in your host machine
2026-09-23T09:11:37+10:00  error     /quotes ConnectionAbortedError: [WinError 10053] An established connection was aborted by the software in your host machine
2026-09-23T09:11:37+10:00  error     /symbols ConnectionAbortedError: [WinError 10053] An established connection was aborted by the software in your host machine
2026-09-23T09:13:48+10:00  error     /health ConnectionAbortedError: [WinError 10053] An established connection was aborted by the software in your host machine
2026-09-23T09:13:54+10:00  error     /health ConnectionAbortedError: [WinError 10053] An established connection was aborted by the software in your host machine
2026-09-23T09:14:19+10:00  error     /health ConnectionAbortedError: [WinError 10053] An established connection was aborted by the software in your host machine
2026-09-23T09:15:36+10:00  error     /health ConnectionAbortedError: [WinError 10053] An established connection was aborted by the software in your host machine
2026-09-23T09:15:38+10:00  error     /health ConnectionAbortedError: [WinError 10053] An established connection was aborted by the software in your host machine
2026-09-23T09:15:38+10:00  error     /health ConnectionAbortedError: [WinError 10053] An established connection was aborted by the software in your host machine
2026-09-23T09:21:02+10:00  order     SEND market buy XAUUSD.a 0.01 lots @4363.42 sl=4359.98 tp=4371.12 signal=XAUUSD.a:3m:sweep_reversal:buy:1790119080000 account=23011660
2026-09-23T09:21:02+10:00  order     RESULT ok=True retcode=10009 ticket=8862783 price=4363.42 comment='Request executed'
2026-09-23T09:27:14+10:00  order     SEND market sell XAUUSD.a 0.01 lots @4362.59 sl=4366.01 tp=4355.52 signal=XAUUSD.a:3m:sweep_reversal:sell:1790119440000 account=23011660
2026-09-23T09:27:14+10:00  order     RESULT ok=True retcode=10009 ticket=8862826 price=4362.47 comment='Request executed'
2026-09-23T09:45:00+10:00  order     SEND market sell XAUUSD.a 0.01 lots @4363.84 sl=4366.22 tp=4359.05 signal=XAUUSD.a:5m:sweep_reversal:sell:1790120400000 account=23011660
2026-09-23T09:45:00+10:00  order     RESULT ok=True retcode=10009 ticket=8862973 price=4363.84 comment='Request executed'
2026-09-23T09:55:00+10:00  order     SEND market sell XAUUSD.a 0.01 lots @4363.37 sl=4366.71 tp=4355.76 signal=XAUUSD.a:5m:pattern_break:sell:1790121000000 account=23011660
2026-09-23T09:55:00+10:00  order     RESULT ok=True retcode=10009 ticket=8863229 price=4363.37 comment='Request executed'
2026-09-23T10:00:27+10:00  order     SEND limit buy USDJPY.a 0.01 lots @157.397 sl=157.197 tp=157.798 signal=USDJPY.a:30m:sweep_reversal:buy:1790110800000 account=23011660
2026-09-23T10:00:27+10:00  order     RESULT ok=True retcode=10009 ticket=8863476 price=0.0 comment='Request executed'
2026-09-23T10:02:04+10:00  order     SEND stop sell XAUUSD.a 0.01 lots @4347.72 sl=4380.13 tp=4282.91 signal=XAUUSD.a:30m:pattern_break:sell:1790114400000 account=23011660
2026-09-23T10:02:04+10:00  order     RESULT ok=True retcode=10009 ticket=8863556 price=0.0 comment='Request executed'
2026-09-23T10:03:19+10:00  order     SEND stop buy XAUUSD.a 0.01 lots @4371.12 sl=4355.3 tp=4402.76 signal=XAUUSD.a:3m:pattern_break:buy:1790121600000 account=23011660
2026-09-23T10:03:19+10:00  order     RESULT ok=True retcode=10009 ticket=8863696 price=0.0 comment='Request executed'
2026-09-23T10:07:01+10:00  error     /health ConnectionAbortedError: [WinError 10053] An established connection was aborted by the software in your host machine
2026-09-23T10:11:42+10:00  error     /health ConnectionAbortedError: [WinError 10053] An established connection was aborted by the software in your host machine
2026-09-23T10:12:00+10:00  error     /health ConnectionAbortedError: [WinError 10053] An established connection was aborted by the software in your host machine
2026-09-23T10:12:03+10:00  order     CANCEL order=8863556
2026-09-23T10:12:04+10:00  order     CANCEL RESULT ok=True retcode=10009
2026-09-23T10:12:12+10:00  error     /health ConnectionAbortedError: [WinError 10053] An established connection was aborted by the software in your host machine
2026-09-23T10:12:30+10:00  order     CANCEL order=8863696
2026-09-23T10:12:30+10:00  order     CANCEL RESULT ok=True retcode=10009
2026-09-23T10:15:07+10:00  order     SEND stop buy XAUUSD.a 0.01 lots @4371.12 sl=4355.09 tp=4403.18 signal=XAUUSD.a:5m:pattern_break:buy:1790121600000 account=23011660
2026-09-23T10:15:09+10:00  order     RESULT ok=True retcode=10009 ticket=8863906 price=0.0 comment='Request executed'
2026-09-23T10:15:09+10:00  error     /health ConnectionAbortedError: [WinError 10053] An established connection was aborted by the software in your host machine
2026-09-23T10:15:20+10:00  order     SEND market sell XAUUSD.a 0.01 lots @4364.89 sl=4369.96 tp=4353.78 signal=XAUUSD.a:3m:sweep_reversal:sell:1790122140000 account=23011660
2026-09-23T10:15:21+10:00  order     RESULT ok=True retcode=10009 ticket=8863908 price=4364.86 comment='Request executed'
2026-09-23T10:29:58+10:00  order     CANCEL order=8863906
2026-09-23T10:29:58+10:00  order     CANCEL RESULT ok=True retcode=10009
2026-09-23T10:45:44+10:00  order     SEND stop buy USDJPY.a 0.01 lots @157.564 sl=157.404 tp=157.885 signal=USDJPY.a:15m:pattern_break:buy:1790123400000 account=23011660
2026-09-23T10:45:44+10:00  order     RESULT ok=True retcode=10009 ticket=8864316 price=0.0 comment='Request executed'
2026-09-23T10:51:30+10:00  order     SEND limit buy XAUUSD.a 0.01 lots @4357.69 sl=4354.82 tp=4363.44 signal=XAUUSD.a:3m:sweep_reversal:buy:1790124480000 account=23011660
2026-09-23T10:51:30+10:00  order     RESULT ok=True retcode=10009 ticket=8864367 price=0.0 comment='Request executed'
2026-09-23T11:00:05+10:00  order     SEND stop buy XAUUSD.a 0.01 lots @4364.15 sl=4329.27 tp=4433.9 signal=XAUUSD.a:1h:sweep_reversal:buy:1790103600000 account=23011660
2026-09-23T11:00:05+10:00  order     RESULT ok=True retcode=10009 ticket=8864509 price=0.0 comment='Request executed'
2026-09-23T11:00:33+10:00  order     SEND stop sell XAUUSD.a 0.01 lots @4353.93 sl=4370.03 tp=4321.74 signal=XAUUSD.a:5m:pattern_break:sell:1790124900000 account=23011660
2026-09-23T11:00:33+10:00  order     RESULT ok=True retcode=10009 ticket=8864529 price=0.0 comment='Request executed'
2026-09-23T11:00:57+10:00  order     CANCEL order=8863476
2026-09-23T11:00:57+10:00  order     CANCEL RESULT ok=True retcode=10009
2026-09-23T11:03:27+10:00  order     SEND market sell XAUUSD.a 0.01 lots @4352.78 sl=4361.65 tp=4334.9 signal=XAUUSD.a:3m:sweep_reversal:sell:1790125200000 account=23011660
2026-09-23T11:03:27+10:00  order     RESULT ok=True retcode=10009 ticket=8864645 price=4352.83 comment='Request executed'
2026-09-23T11:46:49+10:00  order     SEND limit buy XAUUSD.a 0.01 lots @4344.76 sl=4338.04 tp=4358.19 signal=XAUUSD.a:3m:pattern_break:buy:1790127720000 account=23011660
2026-09-23T11:46:49+10:00  order     RESULT ok=True retcode=10009 ticket=8865316 price=0.0 comment='Request executed'
2026-09-23T12:00:03+10:00  order     SEND limit sell XAUUSD.a 0.01 lots @4359.05 sl=4388.88 tp=4299.38 signal=XAUUSD.a:30m:pattern_break:sell:1790121600000 account=23011660
2026-09-23T12:00:03+10:00  order     RESULT ok=True retcode=10009 ticket=8865614 price=0.0 comment='Request executed'
2026-09-23T12:39:01+10:00  order     SEND market buy XAUUSD.a 0.01 lots @4336.06 sl=4333.09 tp=4340.53 signal=XAUUSD.a:3m:breakout_retest:buy:1790130960000 account=23011660
2026-09-23T12:39:02+10:00  order     RESULT ok=True retcode=10009 ticket=8866249 price=4336.06 comment='Request executed'
2026-09-23T12:54:16+10:00  order     SEND market sell XAUUSD.a 0.01 lots @4336.08 sl=4338.85 tp=4330.77 signal=XAUUSD.a:3m:breakout_retest:sell:1790131860000 account=23011660
2026-09-23T12:54:16+10:00  order     RESULT ok=True retcode=10009 ticket=8866372 price=4336.08 comment='Request executed'
2026-09-23T13:01:41+10:00  order     SEND market sell USDJPY.a 0.01 lots @157.643 sl=158.132 tp=156.449 signal=USDJPY.a:1h:range_fade:sell:1790128800000 account=23011660
2026-09-23T13:01:41+10:00  order     RESULT ok=True retcode=10009 ticket=8866503 price=157.643 comment='Request executed'
2026-09-23T13:33:53+10:00  order     SEND stop sell XAUUSD.a 0.01 lots @4339.22 sl=4341.39 tp=4334.88 signal=XAUUSD.a:3m:sweep_reversal:sell:1790134200000 account=23011660
2026-09-23T13:33:53+10:00  order     RESULT ok=True retcode=10009 ticket=8867002 price=0.0 comment='Request executed'
2026-09-23T13:36:54+10:00  order     SEND stop buy XAUUSD.a 0.01 lots @4339.95 sl=4332.31 tp=4355.22 signal=XAUUSD.a:3m:pattern_break:buy:1790134380000 account=23011660
2026-09-23T13:36:54+10:00  order     RESULT ok=True retcode=10009 ticket=8867062 price=0.0 comment='Request executed'
2026-09-23T14:01:03+10:00  order     CANCEL order=8864509
2026-09-23T14:01:03+10:00  order     CANCEL RESULT ok=True retcode=10009
2026-09-23T14:18:52+10:00  order     SEND stop sell XAUUSD.a 0.01 lots @4342.66 sl=4363.73 tp=4313.13 signal=XAUUSD.a:1h:sweep_reversal:sell:1790132400000 account=23011660
2026-09-23T14:18:53+10:00  order     RESULT ok=True retcode=10009 ticket=8867880 price=0.0 comment='Request executed'
2026-09-23T14:33:02+10:00  order     SEND limit sell XAUUSD.a 0.01 lots @4345.52 sl=4347.17 tp=4342.22 signal=XAUUSD.a:3m:breakout_retest:sell:1790137800000 account=23011660
2026-09-23T14:33:02+10:00  order     RESULT ok=True retcode=10009 ticket=8868133 price=0.0 comment='Request executed'
2026-09-23T15:00:38+10:00  order     CANCEL order=8865614
2026-09-23T15:00:39+10:00  order     CANCEL RESULT ok=True retcode=10009
2026-09-23T15:00:40+10:00  order     SEND market buy XAUUSD.a 0.01 lots @4344.06 sl=4334.64 tp=4367.63 signal=XAUUSD.a:30m:sweep_reversal:buy:1790137800000 account=23011660
2026-09-23T15:00:40+10:00  order     RESULT ok=True retcode=10009 ticket=8868864 price=4344.06 comment='Request executed'
2026-09-23T15:14:20+10:00  order     SEND market buy USDJPY.a 0.01 lots @157.59 sl=156.48 tp=160.738 signal=USDJPY.a:4h:flag_continuation:buy:1790067600000 account=23011660
2026-09-23T15:14:20+10:00  order     RESULT ok=True retcode=10009 ticket=8869149 price=157.59 comment='Request executed'
2026-09-23T15:38:29+10:00  order     SEND limit sell XAUUSD.a 0.01 lots @4342.3 sl=4349.02 tp=4333.27 signal=XAUUSD.a:15m:mtf_pullback:sell:1790139600000 account=23011660
2026-09-23T15:38:29+10:00  order     RESULT ok=True retcode=10009 ticket=8869711 price=0.0 comment='Request executed'
2026-09-23T15:43:24+10:00  order     SEND limit sell XAUUSD.a 0.01 lots @4342.3 sl=4346.2 tp=4335.78 signal=XAUUSD.a:3m:sweep_reversal:sell:1790140320000 account=23011660
2026-09-23T15:43:24+10:00  order     RESULT ok=True retcode=10009 ticket=8869874 price=0.0 comment='Request executed'
2026-09-23T15:50:58+10:00  order     SEND stop buy USDJPY.a 0.01 lots @157.693 sl=157.215 tp=158.648 signal=USDJPY.a:30m:pattern_break:buy:1790139600000 account=23011660
2026-09-23T15:50:58+10:00  order     RESULT ok=True retcode=10009 ticket=8870038 price=0.0 comment='Request executed'
2026-09-23T17:02:43+10:00  order     SEND limit sell XAUUSD.a 0.01 lots @4332.55 sl=4337.72 tp=4326.13 signal=XAUUSD.a:3m:sweep_reversal:sell:1790146440000 account=23011660
2026-09-23T17:02:43+10:00  order     RESULT ok=True retcode=10009 ticket=8871875 price=0.0 comment='Request executed'
2026-09-23T17:34:19+10:00  order     SEND limit sell XAUUSD.a 0.01 lots @4334.66 sl=4349.48 tp=4305.02 signal=XAUUSD.a:30m:sweep_reversal:sell:1790141400000 account=23011660
2026-09-23T17:34:19+10:00  order     RESULT ok=True retcode=10009 ticket=8872792 price=0.0 comment='Request executed'
2026-09-23T17:34:19+10:00  order     REFUSED an order was sent moments ago - throttled. Nothing was sent.
2026-09-23T17:34:51+10:00  order     SEND limit sell XAUUSD.a 0.01 lots @4326.13 sl=4338.12 tp=4302.15 signal=XAUUSD.a:3m:pattern_break:sell:1790147340000 account=23011660
2026-09-23T17:34:52+10:00  order     RESULT ok=True retcode=10009 ticket=8872807 price=0.0 comment='Request executed'
2026-09-23T17:40:07+10:00  order     SEND market sell XAUUSD.a 0.01 lots @4321.62 sl=4338.52 tp=4289.06 signal=XAUUSD.a:5m:pattern_break:sell:1790148900000 account=23011660
2026-09-23T17:40:08+10:00  order     RESULT ok=True retcode=10009 ticket=8872987 price=4321.62 comment='Request executed'
2026-09-23T18:34:34+10:00  order     SEND stop sell XAUUSD.a 0.01 lots @4316.58 sl=4337.55 tp=4274.64 signal=XAUUSD.a:3m:pattern_break:sell:1790150940000 account=23011660
2026-09-23T18:34:34+10:00  order     RESULT ok=True retcode=10009 ticket=8874382 price=0.0 comment='Request executed'
2026-09-23T19:01:05+10:00  order     SEND stop sell XAUUSD.a 0.01 lots @4309.81 sl=4406.32 tp=4116.8 signal=XAUUSD.a:4h:pattern_break:sell:1790139600000 account=23011660
2026-09-23T19:01:05+10:00  order     RESULT ok=True retcode=10009 ticket=8875015 price=0.0 comment='Request executed'
2026-09-23T19:25:54+10:00  error     /health ConnectionAbortedError: [WinError 10053] An established connection was aborted by the software in your host machine
2026-09-23T20:00:37+10:00  order     SEND market buy USDJPY.a 0.01 lots @157.844 sl=157.501 tp=158.533 signal=USDJPY.a:15m:pattern_break:buy:1790156700000 account=23011660
2026-09-23T20:00:38+10:00  order     RESULT ok=True retcode=10009 ticket=8876624 price=157.844 comment='Request executed'
2026-09-23T20:44:33+10:00  error     /health ConnectionAbortedError: [WinError 10053] An established connection was aborted by the software in your host machine
2026-09-23T20:44:34+10:00  error     /health ConnectionAbortedError: [WinError 10053] An established connection was aborted by the software in your host machine
2026-09-23T20:44:58+10:00  order     SEND stop sell XAUUSD.a 0.01 lots @4308.12 sl=4321.49 tp=4286.67 signal=XAUUSD.a:15m:flag_continuation:sell:1790159400000 account=23011660
2026-09-23T20:44:58+10:00  order     RESULT ok=True retcode=10009 ticket=8877689 price=0.0 comment='Request executed'
2026-09-23T21:30:57+10:00  order     SEND limit sell XAUUSD.a 0.01 lots @4314.11 sl=4349.87 tp=4242.58 signal=XAUUSD.a:1h:sweep_reversal:sell:1790154000000 account=23011660
2026-09-23T21:30:58+10:00  order     RESULT ok=True retcode=10009 ticket=8878988 price=0.0 comment='Request executed'
2026-09-23T21:44:57+10:00  order     SEND market sell XAUUSD.a 0.01 lots @4304.79 sl=4321.96 tp=4270.35 signal=XAUUSD.a:5m:pattern_break:sell:1790163600000 account=23011660
2026-09-23T21:44:58+10:00  order     RESULT ok=True retcode=10009 ticket=8879690 price=4304.82 comment='Request executed'
2026-09-23T21:45:00+10:00  order     SEND market sell XAUUSD.a 0.01 lots @4305.06 sl=4310.83 tp=4292.62 signal=XAUUSD.a:15m:breakout_retest:sell:1790163000000 account=23011660
2026-09-23T21:45:01+10:00  order     RESULT ok=True retcode=10009 ticket=8879697 price=4305.08 comment='Request executed'
2026-09-23T21:45:12+10:00  order     SEND market sell XAUUSD.a 0.01 lots @4305.21 sl=4319.65 tp=4274.97 signal=XAUUSD.a:3m:pattern_break:sell:1790163720000 account=23011660
2026-09-23T21:45:12+10:00  order     RESULT ok=True retcode=10009 ticket=8879702 price=4305.23 comment='Request executed'
2026-09-23T21:46:15+10:00  order     SEND stop buy USDJPY.a 0.01 lots @157.938 sl=157.72 tp=158.375 signal=USDJPY.a:15m:pattern_break:buy:1790163000000 account=23011660
2026-09-23T21:46:15+10:00  order     RESULT ok=True retcode=10009 ticket=8879739 price=0.0 comment='Request executed'
2026-09-23T21:48:14+10:00  order     SEND market sell XAUUSD.a 0.01 lots @4306.7 sl=4318.27 tp=4284.38 signal=XAUUSD.a:3m:mtf_pullback:sell:1790163900000 account=23011660
2026-09-23T21:48:14+10:00  order     RESULT ok=True retcode=10009 ticket=8879816 price=4306.67 comment='Request executed'
2026-09-23T21:50:05+10:00  order     SEND limit sell XAUUSD.a 0.01 lots @4307.5 sl=4318.53 tp=4285.44 signal=XAUUSD.a:5m:mtf_pullback:sell:1790163900000 account=23011660
2026-09-23T21:50:05+10:00  order     RESULT ok=True retcode=10009 ticket=8879872 price=0.0 comment='Request executed'
2026-09-23T22:01:38+10:00  order     SEND market buy USDJPY.a 0.01 lots @157.921 sl=157.217 tp=159.326 signal=USDJPY.a:30m:pattern_break:buy:1790163000000 account=23011660
2026-09-23T22:01:38+10:00  order     RESULT ok=True retcode=10009 ticket=8880510 price=157.921 comment='Request executed'
2026-09-23T22:01:44+10:00  order     SEND stop sell XAUUSD.a 0.01 lots @4309.61 sl=4323.14 tp=4282.55 signal=XAUUSD.a:15m:pattern_break:sell:1790163900000 account=23011660
2026-09-23T22:01:44+10:00  order     RESULT ok=True retcode=10009 ticket=8880513 price=0.0 comment='Request executed'
2026-09-23T22:01:45+10:00  order     REFUSED an order was sent moments ago - throttled. Nothing was sent.
2026-09-23T22:02:15+10:00  order     SEND stop sell XAUUSD.a 0.01 lots @4309.61 sl=4349.91 tp=4229.01 signal=XAUUSD.a:1h:sweep_reversal:sell:1790161200000 account=23011660
2026-09-23T22:02:15+10:00  order     RESULT ok=True retcode=10009 ticket=8880518 price=0.0 comment='Request executed'
2026-09-23T22:15:41+10:00  order     SEND stop buy XAUUSD.a 0.01 lots @4318.83 sl=4307.9 tp=4340.68 signal=XAUUSD.a:5m:sweep_reversal:buy:1790165400000 account=23011660
2026-09-23T22:15:41+10:00  order     RESULT ok=True retcode=10009 ticket=8880994 price=0.0 comment='Request executed'
2026-09-23T22:24:29+10:00  order     SEND stop sell XAUUSD.a 0.01 lots @4311.68 sl=4319.83 tp=4294.74 signal=XAUUSD.a:3m:sweep_reversal:sell:1790166060000 account=23011660
2026-09-23T22:24:29+10:00  order     RESULT ok=True retcode=10009 ticket=8881262 price=0.0 comment='Request executed'
2026-09-23T22:29:41+10:00  error     /health ConnectionAbortedError: [WinError 10053] An established connection was aborted by the software in your host machine
2026-09-23T22:29:59+10:00  order     CANCEL order=8880994
2026-09-23T22:29:59+10:00  order     CANCEL RESULT ok=True retcode=10009
2026-09-23T22:31:24+10:00  error     /health ConnectionAbortedError: [WinError 10053] An established connection was aborted by the software in your host machine
2026-09-23T22:31:49+10:00  error     /health ConnectionAbortedError: [WinError 10053] An established connection was aborted by the software in your host machine
2026-09-23T22:32:40+10:00  order     SEND limit sell XAUUSD.a 0.01 lots @4311.16 sl=4321.96 tp=4296.74 signal=XAUUSD.a:5m:pattern_break:sell:1790166300000 account=23011660
2026-09-23T22:32:40+10:00  order     RESULT ok=True retcode=10009 ticket=8881518 price=0.0 comment='Request executed'
2026-09-23T23:02:12+10:00  order     SEND market sell XAUUSD.a 0.01 lots @4309.14 sl=4350.42 tp=4228.75 signal=XAUUSD.a:30m:mtf_pullback:sell:1790166600000 account=23011660
2026-09-23T23:02:12+10:00  order     RESULT ok=True retcode=10009 ticket=8882461 price=4309.14 comment='Request executed'
2026-09-23T23:02:21+10:00  order     SEND market sell XAUUSD.a 0.01 lots @4309.08 sl=4406.21 tp=4113.15 signal=XAUUSD.a:4h:pattern_break:sell:1790154000000 account=23011660
2026-09-23T23:02:21+10:00  order     RESULT ok=True retcode=10009 ticket=8882467 price=4309.09 comment='Request executed'
2026-09-23T23:25:14+10:00  order     CANCEL order=8881518
2026-09-23T23:25:15+10:00  order     CANCEL RESULT ok=True retcode=10009
2026-09-23T23:43:42+10:00  error     /account RuntimeError: no account
2026-09-23T23:43:42+10:00  error     /account RuntimeError: no account
2026-09-23T23:44:06+10:00  clock     server offset +10800000 ms (UTC+3.00h) confidence=measured from 5 tick(s)
2026-09-23T23:44:06+10:00  start     bridge on 127.0.0.1:8765 mock=False connected=True server=Pepperstone-MT5-Live01
2026-09-23T23:44:06+10:00  start     EXECUTION ARMED demo_only=True max_lots=0.05
2026-09-23T23:46:44+10:00  clock     server offset +10800000 ms (UTC+3.00h) confidence=measured from 5 tick(s)
2026-09-23T23:46:44+10:00  start     bridge on 127.0.0.1:8765 mock=False connected=True server=Pepperstone-MT5-Live01
2026-09-23T23:46:44+10:00  start     EXECUTION ARMED demo_only=True max_lots=0.05
2026-09-23T23:46:51+10:00  order     REFUSED account 51527502 is a LIVE account and the demo guard is on. Nothing was sent. Disable DEMO_ONLY in bridge/execution.py only when you intend to trade real money.
2026-09-23T23:46:52+10:00  order     REFUSED account 51527502 is a LIVE account and the demo guard is on. Nothing was sent. Disable DEMO_ONLY in bridge/execution.py only when you intend to trade real money.
2026-09-23T23:47:21+10:00  order     REFUSED account 51527502 is a LIVE account and the demo guard is on. Nothing was sent. Disable DEMO_ONLY in bridge/execution.py only when you intend to trade real money.
2026-09-23T23:47:28+10:00  error     /bars ConnectionAbortedError: [WinError 10053] An established connection was aborted by the software in your host machine
2026-09-23T23:47:28+10:00  error     /positions ConnectionAbortedError: [WinError 10053] An established connection was aborted by the software in your host machine
2026-09-23T23:47:28+10:00  error     /health ConnectionAbortedError: [WinError 10053] An established connection was aborted by the software in your host machine
2026-09-23T23:47:31+10:00  order     REFUSED account 51527502 is a LIVE account and the demo guard is on. Nothing was sent. Disable DEMO_ONLY in bridge/execution.py only when you intend to trade real money.
2026-09-23T23:47:52+10:00  order     REFUSED account 51527502 is a LIVE account and the demo guard is on. Nothing was sent. Disable DEMO_ONLY in bridge/execution.py only when you intend to trade real money.
2026-09-23T23:48:02+10:00  order     REFUSED account 51527502 is a LIVE account and the demo guard is on. Nothing was sent. Disable DEMO_ONLY in bridge/execution.py only when you intend to trade real money.
2026-09-23T23:48:24+10:00  order     REFUSED account 51527502 is a LIVE account and the demo guard is on. Nothing was sent. Disable DEMO_ONLY in bridge/execution.py only when you intend to trade real money.
2026-09-23T23:48:53+10:00  clock     server offset +10800000 ms (UTC+3.00h) confidence=measured from 5 tick(s)
2026-09-23T23:48:53+10:00  start     bridge on 127.0.0.1:8765 mock=False connected=True server=ICMarketsAU-Demo
2026-09-23T23:48:53+10:00  start     EXECUTION ARMED demo_only=True max_lots=0.05
2026-09-23T23:49:04+10:00  order     SEND limit sell XAUUSD.a 0.01 lots @4292.68 sl=4315.6 tp=4246.84 signal=XAUUSD.a:5m:sweep_reversal:sell:1790170800000 account=23011660
2026-09-23T23:49:04+10:00  order     RESULT ok=True retcode=10009 ticket=8884507 price=0.0 comment='Request executed'
2026-09-23T23:49:07+10:00  order     SEND limit sell XAUUSD.a 0.01 lots @4300.01 sl=4315.04 tp=4269.94 signal=XAUUSD.a:3m:sweep_reversal:sell:1790170740000 account=23011660
2026-09-23T23:49:07+10:00  order     RESULT ok=True retcode=10009 ticket=8884515 price=0.0 comment='Request executed'
2026-09-23T23:49:08+10:00  order     REFUSED an order was sent moments ago - throttled. Nothing was sent.
2026-09-23T23:49:09+10:00  order     SEND limit sell XAUUSD.a 0.01 lots @4312.41 sl=4322.34 tp=4294.74 signal=XAUUSD.a:30m:mtf_pullback:sell:1790168400000 account=23011660
2026-09-23T23:49:09+10:00  order     RESULT ok=True retcode=10009 ticket=8884518 price=0.0 comment='Request executed'
2026-09-23T23:49:41+10:00  order     SEND limit sell XAUUSD.a 0.01 lots @4292.56 sl=4317.59 tp=4242.5 signal=XAUUSD.a:15m:breakout_retest:sell:1790170200000 account=23011660
2026-09-23T23:49:41+10:00  order     RESULT ok=True retcode=10009 ticket=8884548 price=0.0 comment='Request executed'
2026-09-23T23:49:51+10:00  order     SEND limit buy USDJPY.a 0.01 lots @157.982 sl=157.751 tp=158.444 signal=USDJPY.a:5m:sweep_reversal:buy:1790170800000 account=23011660
2026-09-23T23:49:51+10:00  order     RESULT ok=True retcode=10009 ticket=8884557 price=0.0 comment='Request executed'
